AR bram_dm bram_dm_a /home/asip02/Schreibtisch/Session8/brownie2/ISE_Framework_S8_NO/bram_dm.vhd sub01/vhpl122 1548760110
EN fhm_fwu_w32 NULL /home/asip02/Schreibtisch/Session8/brownie2/ISE_Framework_S8_NO/fhm_fwu_w32.vhd sub00/vhpl87 1548760075
EN rtg_mux5to1_w5 NULL /home/asip02/Schreibtisch/Session8/brownie2/ISE_Framework_S8_NO/rtg_mux5to1_w5.vhd sub01/vhpl109 1548760097
EN fhm_dummy_register_w32 NULL /home/asip02/Schreibtisch/Session8/brownie2/ISE_Framework_S8_NO/fhm_dummy_register_w32.vhd sub00/vhpl89 1548760077
EN fhm_divider_w32_reg32 NULL /home/asip02/Schreibtisch/Session8/brownie2/ISE_Framework_S8_NO/fhm_divider_w32.vhd sub00/vhpl63 1548760051
AR fhm_wire_in_w1 synthesis /home/asip02/Schreibtisch/Session8/brownie2/ISE_Framework_S8_NO/fhm_wire_in_w1.vhd sub00/vhpl84 1548760072
EN fhm_mifu_w32_00 NULL /home/asip02/Schreibtisch/Session8/brownie2/ISE_Framework_S8_NO/fhm_mifu_w32_00.vhd sub00/vhpl35 1548760023
EN fhm_mifu_w32_01 NULL /home/asip02/Schreibtisch/Session8/brownie2/ISE_Framework_S8_NO/fhm_mifu_w32_01.vhd sub00/vhpl37 1548760025
EN fhm_browregfile_w32 NULL /home/asip02/Schreibtisch/Session8/brownie2/ISE_Framework_S8_NO/fhm_browregfile_w32.vhd sub00/vhpl97 1548760085
AR multiclock_latch multiclock_latch_arch /home/asip02/Schreibtisch/Session8/brownie2/ISE_Framework_S8_NO/i2c_multiclock_latch.vhd sub00/vhpl20 1548760008
AR i2c_toplevel i2c_toplevel_arch /home/asip02/Schreibtisch/Session8/brownie2/ISE_Framework_S8_NO/i2c_toplevel.vhd sub01/vhpl128 1548760116
EN rtg_register_w14 NULL /home/asip02/Schreibtisch/Session8/brownie2/ISE_Framework_S8_NO/rtg_register_w14.vhd sub00/vhpl10 1548759998
AR fhm_divider_w32_reg32 synthesis /home/asip02/Schreibtisch/Session8/brownie2/ISE_Framework_S8_NO/fhm_divider_w32.vhd sub00/vhpl64 1548760052
EN fhm_wire_in_w1 NULL /home/asip02/Schreibtisch/Session8/brownie2/ISE_Framework_S8_NO/fhm_wire_in_w1.vhd sub00/vhpl83 1548760071
EN rtg_mux3to1_w5 NULL /home/asip02/Schreibtisch/Session8/brownie2/ISE_Framework_S8_NO/rtg_mux3to1_w5.vhd sub01/vhpl111 1548760099
EN rtg_register_w32 NULL /home/asip02/Schreibtisch/Session8/brownie2/ISE_Framework_S8_NO/rtg_register_w32.vhd sub00/vhpl06 1548759994
EN fhm_multiplier_w32_tconv32 NULL /home/asip02/Schreibtisch/Session8/brownie2/ISE_Framework_S8_NO/fhm_multiplier_w32.vhd sub00/vhpl55 1548760043
AR fhm_extender_w26 synthesis /home/asip02/Schreibtisch/Session8/brownie2/ISE_Framework_S8_NO/fhm_extender_w26.vhd sub00/vhpl80 1548760068
EN rtg_mux12to1_w32 NULL /home/asip02/Schreibtisch/Session8/brownie2/ISE_Framework_S8_NO/rtg_mux12to1_w32.vhd sub01/vhpl107 1548760095
EN fhm_alu_w32 NULL /home/asip02/Schreibtisch/Session8/brownie2/ISE_Framework_S8_NO/fhm_alu_w32.vhd sub00/vhpl41 1548760029
EN i2c_toplevel NULL /home/asip02/Schreibtisch/Session8/brownie2/ISE_Framework_S8_NO/i2c_toplevel.vhd sub01/vhpl127 1548760115
EN fhm_alu_w32_add NULL /home/asip02/Schreibtisch/Session8/brownie2/ISE_Framework_S8_NO/fhm_alu_w32.vhd sub00/vhpl39 1548760027
EN fhm_multiplier_w32_reg1 NULL /home/asip02/Schreibtisch/Session8/brownie2/ISE_Framework_S8_NO/fhm_multiplier_w32.vhd sub00/vhpl43 1548760031
EN rtg_mux2to1_w5 NULL /home/asip02/Schreibtisch/Session8/brownie2/ISE_Framework_S8_NO/rtg_mux2to1_w5.vhd sub01/vhpl105 1548760093
AR clk_div behavioral /home/asip02/Schreibtisch/Session8/brownie2/ISE_Framework_S8_NO/clk_div.vhd sub01/vhpl132 1548760120
EN flag_reg5 NULL /home/asip02/Schreibtisch/Session8/brownie2/ISE_Framework_S8_NO/fhm_browregfile_w32.vhd sub00/vhpl91 1548760079
AR pca9564_interface pca9564_interface_arch /home/asip02/Schreibtisch/Session8/brownie2/ISE_Framework_S8_NO/pca9564_interface_state.vhd sub00/vhpl24 1548760012
AR rtg_proc_fsm rtl /home/asip02/Schreibtisch/Session8/brownie2/ISE_Framework_S8_NO/rtg_proc_fsm.vhd sub00/vhpl01 1548759989
EN rtg_register_w64 NULL /home/asip02/Schreibtisch/Session8/brownie2/ISE_Framework_S8_NO/rtg_register_w64.vhd sub00/vhpl08 1548759996
EN fhm_multiplier_w32_tconv64 NULL /home/asip02/Schreibtisch/Session8/brownie2/ISE_Framework_S8_NO/fhm_multiplier_w32.vhd sub00/vhpl57 1548760045
PH audioout_types NULL /home/asip02/Schreibtisch/Session8/brownie2/ISE_Framework_S8_NO/AudioOut_Types.vhd sub00/vhpl12 1548760000
AR fhm_multiplier_w32_add32 synthesis /home/asip02/Schreibtisch/Session8/brownie2/ISE_Framework_S8_NO/fhm_multiplier_w32.vhd sub00/vhpl46 1548760034
AR kcuart_tx low_level_definition /home/asip02/Schreibtisch/Session8/brownie2/ISE_Framework_S8_NO/kcuart_tx.vhd sub01/vhpl134 1548760122
EN fhm_multiplier_w32 NULL /home/asip02/Schreibtisch/Session8/brownie2/ISE_Framework_S8_NO/fhm_multiplier_w32.vhd sub00/vhpl59 1548760047
AR fhm_pcu_w32_add32 synthesis /home/asip02/Schreibtisch/Session8/brownie2/ISE_Framework_S8_NO/fhm_pcu_w32.vhd sub00/vhpl28 1548760016
AR fhm_divider_w32 synthesis /home/asip02/Schreibtisch/Session8/brownie2/ISE_Framework_S8_NO/fhm_divider_w32.vhd sub00/vhpl74 1548760062
AR fhm_divider_w32_lsftreg32 synthesis /home/asip02/Schreibtisch/Session8/brownie2/ISE_Framework_S8_NO/fhm_divider_w32.vhd sub00/vhpl68 1548760056
AR dlx_toplevel behavioral /home/asip02/Schreibtisch/Session8/brownie2/ISE_Framework_S8_NO/dlx_toplevel.vhd sub01/vhpl140 1548760128
AR fhm_extender_w8 synthesis /home/asip02/Schreibtisch/Session8/brownie2/ISE_Framework_S8_NO/fhm_extender_w8.vhd sub00/vhpl76 1548760064
AR rtg_mux2to1_w5 rtl /home/asip02/Schreibtisch/Session8/brownie2/ISE_Framework_S8_NO/rtg_mux2to1_w5.vhd sub01/vhpl106 1548760094
EN fhm_multiplier_w32_add32 NULL /home/asip02/Schreibtisch/Session8/brownie2/ISE_Framework_S8_NO/fhm_multiplier_w32.vhd sub00/vhpl45 1548760033
EN fhm_divider_w32_sdiv32 NULL /home/asip02/Schreibtisch/Session8/brownie2/ISE_Framework_S8_NO/fhm_divider_w32.vhd sub00/vhpl69 1548760057
AR fhm_browregfile_w32 synthesis /home/asip02/Schreibtisch/Session8/brownie2/ISE_Framework_S8_NO/fhm_browregfile_w32.vhd sub00/vhpl98 1548760086
EN multiclock_latch NULL /home/asip02/Schreibtisch/Session8/brownie2/ISE_Framework_S8_NO/i2c_multiclock_latch.vhd sub00/vhpl19 1548760007
AR fhm_alu_w32_add synthesis /home/asip02/Schreibtisch/Session8/brownie2/ISE_Framework_S8_NO/fhm_alu_w32.vhd sub00/vhpl40 1548760028
AR fhm_wire_out_w1 synthesis /home/asip02/Schreibtisch/Session8/brownie2/ISE_Framework_S8_NO/fhm_wire_out_w1.vhd sub00/vhpl86 1548760074
AR audio_out_fifo audio_out_fifo_a /home/asip02/Schreibtisch/Session8/brownie2/ISE_Framework_S8_NO/audio_out_fifo.vhd sub00/vhpl16 1548760004
EN fhm_pcu_w32_add32 NULL /home/asip02/Schreibtisch/Session8/brownie2/ISE_Framework_S8_NO/fhm_pcu_w32.vhd sub00/vhpl27 1548760015
EN fhm_extender_w8 NULL /home/asip02/Schreibtisch/Session8/brownie2/ISE_Framework_S8_NO/fhm_extender_w8.vhd sub00/vhpl75 1548760063
AR fhm_multiplier_w32_tconv32 synthesis /home/asip02/Schreibtisch/Session8/brownie2/ISE_Framework_S8_NO/fhm_multiplier_w32.vhd sub00/vhpl56 1548760044
AR audioout_toplevel structure /home/asip02/Schreibtisch/Session8/brownie2/ISE_Framework_S8_NO/AudioOut_TopLevel.vhd sub01/vhpl130 1548760118
AR fhm_multiplier_w32_reg32 synthesis /home/asip02/Schreibtisch/Session8/brownie2/ISE_Framework_S8_NO/fhm_multiplier_w32.vhd sub00/vhpl50 1548760038
EN fhm_multiplier_w32_add64 NULL /home/asip02/Schreibtisch/Session8/brownie2/ISE_Framework_S8_NO/fhm_multiplier_w32.vhd sub00/vhpl47 1548760035
EN fhm_multiplier_w32_reg32 NULL /home/asip02/Schreibtisch/Session8/brownie2/ISE_Framework_S8_NO/fhm_multiplier_w32.vhd sub00/vhpl49 1548760037
AR rtg_mux3to1_w5 rtl /home/asip02/Schreibtisch/Session8/brownie2/ISE_Framework_S8_NO/rtg_mux3to1_w5.vhd sub01/vhpl112 1548760100
AR fhm_divider_w32_tconv32 synthesis /home/asip02/Schreibtisch/Session8/brownie2/ISE_Framework_S8_NO/fhm_divider_w32.vhd sub00/vhpl72 1548760060
EN dlx_toplevel NULL /home/asip02/Schreibtisch/Session8/brownie2/ISE_Framework_S8_NO/dlx_toplevel.vhd sub01/vhpl139 1548760127
AR fhm_pcu_w32_reg32 synthesis /home/asip02/Schreibtisch/Session8/brownie2/ISE_Framework_S8_NO/fhm_pcu_w32.vhd sub00/vhpl30 1548760018
EN fifo_generator_v2_1 NULL /home/asip02/Schreibtisch/Session8/brownie2/ISE_Framework_S8_NO/fifo_generator_v2_1.vhd sub00/vhpl17 1548760005
AR rtg_mux3to1_w32 rtl /home/asip02/Schreibtisch/Session8/brownie2/ISE_Framework_S8_NO/rtg_mux3to1_w32.vhd sub01/vhpl104 1548760092
EN fhm_pcu_w32_reg32 NULL /home/asip02/Schreibtisch/Session8/brownie2/ISE_Framework_S8_NO/fhm_pcu_w32.vhd sub00/vhpl29 1548760017
EN brom_im NULL /home/asip02/Schreibtisch/Session8/brownie2/ISE_Framework_S8_NO/brom_im.vhd sub01/vhpl119 1548760107
AR fhm_fwu_w32 synthesis /home/asip02/Schreibtisch/Session8/brownie2/ISE_Framework_S8_NO/fhm_fwu_w32.vhd sub00/vhpl88 1548760076
AR fhm_multiplier_w32_smul synthesis /home/asip02/Schreibtisch/Session8/brownie2/ISE_Framework_S8_NO/fhm_multiplier_w32.vhd sub00/vhpl54 1548760042
AR flag_reg5 synthesis /home/asip02/Schreibtisch/Session8/brownie2/ISE_Framework_S8_NO/fhm_browregfile_w32.vhd sub00/vhpl92 1548760080
PB dlxtypes dlxtypes /home/asip02/Schreibtisch/Session8/brownie2/ISE_Framework_S8_NO/dlxTypes.vhd sub01/vhpl116 1548760104
AR fhm_divider_w32_add32 synthesis /home/asip02/Schreibtisch/Session8/brownie2/ISE_Framework_S8_NO/fhm_divider_w32.vhd sub00/vhpl62 1548760050
PB memorymappertypes memorymappertypes /home/asip02/Schreibtisch/Session8/brownie2/ISE_Framework_S8_NO/MemoryMapperTypes.vhd sub00/vhpl26 1548760014
EN fhm_multiplier_w32_reg64 NULL /home/asip02/Schreibtisch/Session8/brownie2/ISE_Framework_S8_NO/fhm_multiplier_w32.vhd sub00/vhpl51 1548760039
EN interface_asipmeister_i2c NULL /home/asip02/Schreibtisch/Session8/brownie2/ISE_Framework_S8_NO/interface_asipmeister_i2c.vhd sub01/vhpl125 1548760113
AR fhm_alu_w32 synthesis /home/asip02/Schreibtisch/Session8/brownie2/ISE_Framework_S8_NO/fhm_alu_w32.vhd sub00/vhpl42 1548760030
EN fhm_multiplier_w32_smul NULL /home/asip02/Schreibtisch/Session8/brownie2/ISE_Framework_S8_NO/fhm_multiplier_w32.vhd sub00/vhpl53 1548760041
EN fhm_divider_w32_reg1 NULL /home/asip02/Schreibtisch/Session8/brownie2/ISE_Framework_S8_NO/fhm_divider_w32.vhd sub00/vhpl65 1548760053
AR fhm_shifter_w32 synthesis /home/asip02/Schreibtisch/Session8/brownie2/ISE_Framework_S8_NO/fhm_shifter_w32.vhd sub00/vhpl82 1548760070
AR rtg_mux12to1_w32 rtl /home/asip02/Schreibtisch/Session8/brownie2/ISE_Framework_S8_NO/rtg_mux12to1_w32.vhd sub01/vhpl108 1548760096
EN rtg_proc_fsm NULL /home/asip02/Schreibtisch/Session8/brownie2/ISE_Framework_S8_NO/rtg_proc_fsm.vhd sub00/vhpl00 1548759988
EN memorymapper NULL /home/asip02/Schreibtisch/Session8/brownie2/ISE_Framework_S8_NO/MemoryMapper.vhd sub01/vhpl123 1548760111
AR rtg_register_w32 rtl /home/asip02/Schreibtisch/Session8/brownie2/ISE_Framework_S8_NO/rtg_register_w32.vhd sub00/vhpl07 1548759995
EN rtg_mux3to1_w32 NULL /home/asip02/Schreibtisch/Session8/brownie2/ISE_Framework_S8_NO/rtg_mux3to1_w32.vhd sub01/vhpl103 1548760091
EN kcuart_rx NULL /home/asip02/Schreibtisch/Session8/brownie2/ISE_Framework_S8_NO/kcuart_rx.vhd sub01/vhpl135 1548760123
EN pca9564_interface NULL /home/asip02/Schreibtisch/Session8/brownie2/ISE_Framework_S8_NO/pca9564_interface_state.vhd sub00/vhpl23 1548760011
PH dlxtypes NULL /home/asip02/Schreibtisch/Session8/brownie2/ISE_Framework_S8_NO/dlxTypes.vhd sub01/vhpl115 1548760103
AR fhm_register_w32 logic /home/asip02/Schreibtisch/Session8/brownie2/ISE_Framework_S8_NO/fhm_register_w32.vhd sub00/vhpl34 1548760022
AR rtg_mux5to1_w5 rtl /home/asip02/Schreibtisch/Session8/brownie2/ISE_Framework_S8_NO/rtg_mux5to1_w5.vhd sub01/vhpl110 1548760098
AR rtg_controller rtl /home/asip02/Schreibtisch/Session8/brownie2/ISE_Framework_S8_NO/rtg_controller.vhd sub01/vhpl100 1548760088
AR rtg_register_w64 rtl /home/asip02/Schreibtisch/Session8/brownie2/ISE_Framework_S8_NO/rtg_register_w64.vhd sub00/vhpl09 1548759997
EN kcuart_tx NULL /home/asip02/Schreibtisch/Session8/brownie2/ISE_Framework_S8_NO/kcuart_tx.vhd sub01/vhpl133 1548760121
AR debouncer behavioral /home/asip02/Schreibtisch/Session8/brownie2/ISE_Framework_S8_NO/Debouncer.vhd sub01/vhpl138 1548760126
EN browniestd32 NULL /home/asip02/Schreibtisch/Session8/brownie2/ISE_Framework_S8_NO/BrownieSTD32.vhd sub01/vhpl117 1548760105
AR digitalanalogconverter behavioral /home/asip02/Schreibtisch/Session8/brownie2/ISE_Framework_S8_NO/DigitalAnalogConverter.vhd sub00/vhpl14 1548760002
AR rtg_register_w14 rtl /home/asip02/Schreibtisch/Session8/brownie2/ISE_Framework_S8_NO/rtg_register_w14.vhd sub00/vhpl11 1548759999
EN fhm_wire_out_w1 NULL /home/asip02/Schreibtisch/Session8/brownie2/ISE_Framework_S8_NO/fhm_wire_out_w1.vhd sub00/vhpl85 1548760073
AR fhm_extender_w16 synthesis /home/asip02/Schreibtisch/Session8/brownie2/ISE_Framework_S8_NO/fhm_extender_w16.vhd sub00/vhpl78 1548760066
AR fhm_multiplier_w32_reg1 synthesis /home/asip02/Schreibtisch/Session8/brownie2/ISE_Framework_S8_NO/fhm_multiplier_w32.vhd sub00/vhpl44 1548760032
EN rtg_register_w1 NULL /home/asip02/Schreibtisch/Session8/brownie2/ISE_Framework_S8_NO/rtg_register_w1.vhd sub00/vhpl02 1548759990
EN fhm_register_w32 NULL /home/asip02/Schreibtisch/Session8/brownie2/ISE_Framework_S8_NO/fhm_register_w32.vhd sub00/vhpl33 1548760021
EN rtg_register_w2 NULL /home/asip02/Schreibtisch/Session8/brownie2/ISE_Framework_S8_NO/rtg_register_w2.vhd sub00/vhpl04 1548759992
AR rtg_register_w5 rtl /home/asip02/Schreibtisch/Session8/brownie2/ISE_Framework_S8_NO/rtg_register_w5.vhd sub01/vhpl114 1548760102
AR browniestd32 rtl /home/asip02/Schreibtisch/Session8/brownie2/ISE_Framework_S8_NO/BrownieSTD32.vhd sub01/vhpl118 1548760106
AR interface_asipmeister_i2c interface_asipmeister_i2c_arch /home/asip02/Schreibtisch/Session8/brownie2/ISE_Framework_S8_NO/interface_asipmeister_i2c.vhd sub01/vhpl126 1548760114
EN rtg_register_w5 NULL /home/asip02/Schreibtisch/Session8/brownie2/ISE_Framework_S8_NO/rtg_register_w5.vhd sub01/vhpl113 1548760101
EN fhm_browregfile_w32_reg32 NULL /home/asip02/Schreibtisch/Session8/brownie2/ISE_Framework_S8_NO/fhm_browregfile_w32.vhd sub00/vhpl95 1548760083
AR fhm_mifu_w32_00 synthesis /home/asip02/Schreibtisch/Session8/brownie2/ISE_Framework_S8_NO/fhm_mifu_w32_00.vhd sub00/vhpl36 1548760024
AR rtg_register_w1 rtl /home/asip02/Schreibtisch/Session8/brownie2/ISE_Framework_S8_NO/rtg_register_w1.vhd sub00/vhpl03 1548759991
EN rtg_mux2to1_w32 NULL /home/asip02/Schreibtisch/Session8/brownie2/ISE_Framework_S8_NO/rtg_mux2to1_w32.vhd sub01/vhpl101 1548760089
PH memorymappertypes NULL /home/asip02/Schreibtisch/Session8/brownie2/ISE_Framework_S8_NO/MemoryMapperTypes.vhd sub00/vhpl25 1548760013
AR fhm_browregfile_w32_reg32 synthesis /home/asip02/Schreibtisch/Session8/brownie2/ISE_Framework_S8_NO/fhm_browregfile_w32.vhd sub00/vhpl96 1548760084
MO DCM_100 NULL DCM_100.v vlg0C/_d_c_m__100.bin 1548759991
EN fhm_pcu_w32 NULL /home/asip02/Schreibtisch/Session8/brownie2/ISE_Framework_S8_NO/fhm_pcu_w32.vhd sub00/vhpl31 1548760019
MO DCM_33 NULL DCM_33.v vlg39/_d_c_m__33.bin 1548759991
AR fhm_pcu_w32 synthesis /home/asip02/Schreibtisch/Session8/brownie2/ISE_Framework_S8_NO/fhm_pcu_w32.vhd sub00/vhpl32 1548760020
EN fhm_divider_w32 NULL /home/asip02/Schreibtisch/Session8/brownie2/ISE_Framework_S8_NO/fhm_divider_w32.vhd sub00/vhpl73 1548760061
EN status_reg27 NULL /home/asip02/Schreibtisch/Session8/brownie2/ISE_Framework_S8_NO/fhm_browregfile_w32.vhd sub00/vhpl93 1548760081
EN audio_out_fifo NULL /home/asip02/Schreibtisch/Session8/brownie2/ISE_Framework_S8_NO/audio_out_fifo.vhd sub00/vhpl15 1548760003
AR fifo_generator_v2_1 fifo_generator_v2_1_a /home/asip02/Schreibtisch/Session8/brownie2/ISE_Framework_S8_NO/fifo_generator_v2_1.vhd sub00/vhpl18 1548760006
AR fhm_multiplier_w32_add64 synthesis /home/asip02/Schreibtisch/Session8/brownie2/ISE_Framework_S8_NO/fhm_multiplier_w32.vhd sub00/vhpl48 1548760036
EN fhm_shifter_w32 NULL /home/asip02/Schreibtisch/Session8/brownie2/ISE_Framework_S8_NO/fhm_shifter_w32.vhd sub00/vhpl81 1548760069
AR fhm_mifu_w32_01 synthesis /home/asip02/Schreibtisch/Session8/brownie2/ISE_Framework_S8_NO/fhm_mifu_w32_01.vhd sub00/vhpl38 1548760026
EN debouncer NULL /home/asip02/Schreibtisch/Session8/brownie2/ISE_Framework_S8_NO/Debouncer.vhd sub01/vhpl137 1548760125
AR fhm_divider_w32_sdiv32 synthesis /home/asip02/Schreibtisch/Session8/brownie2/ISE_Framework_S8_NO/fhm_divider_w32.vhd sub00/vhpl70 1548760058
AR memorymapper behavioral /home/asip02/Schreibtisch/Session8/brownie2/ISE_Framework_S8_NO/MemoryMapper.vhd sub01/vhpl124 1548760112
EN fhm_extender_w16 NULL /home/asip02/Schreibtisch/Session8/brownie2/ISE_Framework_S8_NO/fhm_extender_w16.vhd sub00/vhpl77 1548760065
EN audioout_toplevel NULL /home/asip02/Schreibtisch/Session8/brownie2/ISE_Framework_S8_NO/AudioOut_TopLevel.vhd sub01/vhpl129 1548760117
EN fhm_extender_w26 NULL /home/asip02/Schreibtisch/Session8/brownie2/ISE_Framework_S8_NO/fhm_extender_w26.vhd sub00/vhpl79 1548760067
EN rtg_controller NULL /home/asip02/Schreibtisch/Session8/brownie2/ISE_Framework_S8_NO/rtg_controller.vhd sub00/vhpl99 1548760087
AR brom_im brom_im_a /home/asip02/Schreibtisch/Session8/brownie2/ISE_Framework_S8_NO/brom_im.vhd sub01/vhpl120 1548760108
EN fhm_divider_w32_tconv32 NULL /home/asip02/Schreibtisch/Session8/brownie2/ISE_Framework_S8_NO/fhm_divider_w32.vhd sub00/vhpl71 1548760059
EN i2c_arbiter NULL /home/asip02/Schreibtisch/Session8/brownie2/ISE_Framework_S8_NO/i2c_arbiter.vhd sub00/vhpl21 1548760009
AR i2c_arbiter i2c_arbiter_arch /home/asip02/Schreibtisch/Session8/brownie2/ISE_Framework_S8_NO/i2c_arbiter.vhd sub00/vhpl22 1548760010
EN fhm_divider_w32_lsftreg32 NULL /home/asip02/Schreibtisch/Session8/brownie2/ISE_Framework_S8_NO/fhm_divider_w32.vhd sub00/vhpl67 1548760055
AR fhm_divider_w32_reg1 synthesis /home/asip02/Schreibtisch/Session8/brownie2/ISE_Framework_S8_NO/fhm_divider_w32.vhd sub00/vhpl66 1548760054
EN clk_div NULL /home/asip02/Schreibtisch/Session8/brownie2/ISE_Framework_S8_NO/clk_div.vhd sub01/vhpl131 1548760119
EN fhm_divider_w32_add32 NULL /home/asip02/Schreibtisch/Session8/brownie2/ISE_Framework_S8_NO/fhm_divider_w32.vhd sub00/vhpl61 1548760049
EN digitalanalogconverter NULL /home/asip02/Schreibtisch/Session8/brownie2/ISE_Framework_S8_NO/DigitalAnalogConverter.vhd sub00/vhpl13 1548760001
AR fhm_multiplier_w32_tconv64 synthesis /home/asip02/Schreibtisch/Session8/brownie2/ISE_Framework_S8_NO/fhm_multiplier_w32.vhd sub00/vhpl58 1548760046
AR rtg_mux2to1_w32 rtl /home/asip02/Schreibtisch/Session8/brownie2/ISE_Framework_S8_NO/rtg_mux2to1_w32.vhd sub01/vhpl102 1548760090
AR fhm_multiplier_w32_reg64 synthesis /home/asip02/Schreibtisch/Session8/brownie2/ISE_Framework_S8_NO/fhm_multiplier_w32.vhd sub00/vhpl52 1548760040
AR fhm_dummy_register_w32 logic /home/asip02/Schreibtisch/Session8/brownie2/ISE_Framework_S8_NO/fhm_dummy_register_w32.vhd sub00/vhpl90 1548760078
AR kcuart_rx low_level_definition /home/asip02/Schreibtisch/Session8/brownie2/ISE_Framework_S8_NO/kcuart_rx.vhd sub01/vhpl136 1548760124
AR rtg_register_w2 rtl /home/asip02/Schreibtisch/Session8/brownie2/ISE_Framework_S8_NO/rtg_register_w2.vhd sub00/vhpl05 1548759993
EN bram_dm NULL /home/asip02/Schreibtisch/Session8/brownie2/ISE_Framework_S8_NO/bram_dm.vhd sub01/vhpl121 1548760109
AR fhm_multiplier_w32 synthesis /home/asip02/Schreibtisch/Session8/brownie2/ISE_Framework_S8_NO/fhm_multiplier_w32.vhd sub00/vhpl60 1548760048
AR status_reg27 synthesis /home/asip02/Schreibtisch/Session8/brownie2/ISE_Framework_S8_NO/fhm_browregfile_w32.vhd sub00/vhpl94 1548760082
