AR bram_dm bram_dm_a /home/asip02/Schreibtisch/Session8/brownie2/ISE_Framework_S8_PO/bram_dm.vhd sub01/vhpl126 1549023665
EN fhm_fwu_w32 NULL /home/asip02/Schreibtisch/Session8/brownie2/ISE_Framework_S8_PO/fhm_fwu_w32.vhd sub00/vhpl87 1549023626
EN rtg_mux5to1_w5 NULL /home/asip02/Schreibtisch/Session8/brownie2/ISE_Framework_S8_PO/rtg_mux5to1_w5.vhd sub01/vhpl113 1549023652
EN fhm_dummy_register_w32 NULL /home/asip02/Schreibtisch/Session8/brownie2/ISE_Framework_S8_PO/fhm_dummy_register_w32.vhd sub00/vhpl89 1549023628
EN fhm_adder_w32 NULL /home/asip02/Schreibtisch/Session8/brownie2/ISE_Framework_S8_PO/fhm_adder_w32.vhd sub00/vhpl99 1549023638
EN fhm_divider_w32_reg32 NULL /home/asip02/Schreibtisch/Session8/brownie2/ISE_Framework_S8_PO/fhm_divider_w32.vhd sub00/vhpl63 1549023602
AR fhm_wire_in_w1 synthesis /home/asip02/Schreibtisch/Session8/brownie2/ISE_Framework_S8_PO/fhm_wire_in_w1.vhd sub00/vhpl84 1549023623
EN fhm_mifu_w32_00 NULL /home/asip02/Schreibtisch/Session8/brownie2/ISE_Framework_S8_PO/fhm_mifu_w32_00.vhd sub00/vhpl35 1549023574
EN fhm_mifu_w32_01 NULL /home/asip02/Schreibtisch/Session8/brownie2/ISE_Framework_S8_PO/fhm_mifu_w32_01.vhd sub00/vhpl37 1549023576
EN fhm_browregfile_w32 NULL /home/asip02/Schreibtisch/Session8/brownie2/ISE_Framework_S8_PO/fhm_browregfile_w32.vhd sub00/vhpl97 1549023636
AR multiclock_latch multiclock_latch_arch /home/asip02/Schreibtisch/Session8/brownie2/ISE_Framework_S8_PO/i2c_multiclock_latch.vhd sub00/vhpl20 1549023559
EN rtg_mux4to1_w5 NULL /home/asip02/Schreibtisch/Session8/brownie2/ISE_Framework_S8_PO/rtg_mux4to1_w5.vhd sub01/vhpl115 1549023654
AR i2c_toplevel i2c_toplevel_arch /home/asip02/Schreibtisch/Session8/brownie2/ISE_Framework_S8_PO/i2c_toplevel.vhd sub01/vhpl132 1549023671
EN rtg_register_w14 NULL /home/asip02/Schreibtisch/Session8/brownie2/ISE_Framework_S8_PO/rtg_register_w14.vhd sub00/vhpl10 1549023549
AR fhm_divider_w32_reg32 synthesis /home/asip02/Schreibtisch/Session8/brownie2/ISE_Framework_S8_PO/fhm_divider_w32.vhd sub00/vhpl64 1549023603
EN fhm_wire_in_w1 NULL /home/asip02/Schreibtisch/Session8/brownie2/ISE_Framework_S8_PO/fhm_wire_in_w1.vhd sub00/vhpl83 1549023622
EN rtg_register_w32 NULL /home/asip02/Schreibtisch/Session8/brownie2/ISE_Framework_S8_PO/rtg_register_w32.vhd sub00/vhpl06 1549023545
EN fhm_multiplier_w32_tconv32 NULL /home/asip02/Schreibtisch/Session8/brownie2/ISE_Framework_S8_PO/fhm_multiplier_w32.vhd sub00/vhpl55 1549023594
AR fhm_extender_w26 synthesis /home/asip02/Schreibtisch/Session8/brownie2/ISE_Framework_S8_PO/fhm_extender_w26.vhd sub00/vhpl80 1549023619
EN fhm_alu_w32 NULL /home/asip02/Schreibtisch/Session8/brownie2/ISE_Framework_S8_PO/fhm_alu_w32.vhd sub00/vhpl41 1549023580
EN rtg_mux2to1_w1 NULL /home/asip02/Schreibtisch/Session8/brownie2/ISE_Framework_S8_PO/rtg_mux2to1_w1.vhd sub01/vhpl101 1549023640
EN i2c_toplevel NULL /home/asip02/Schreibtisch/Session8/brownie2/ISE_Framework_S8_PO/i2c_toplevel.vhd sub01/vhpl131 1549023670
EN fhm_alu_w32_add NULL /home/asip02/Schreibtisch/Session8/brownie2/ISE_Framework_S8_PO/fhm_alu_w32.vhd sub00/vhpl39 1549023578
EN fhm_multiplier_w32_reg1 NULL /home/asip02/Schreibtisch/Session8/brownie2/ISE_Framework_S8_PO/fhm_multiplier_w32.vhd sub00/vhpl43 1549023582
EN rtg_mux2to1_w5 NULL /home/asip02/Schreibtisch/Session8/brownie2/ISE_Framework_S8_PO/rtg_mux2to1_w5.vhd sub01/vhpl109 1549023648
AR clk_div behavioral /home/asip02/Schreibtisch/Session8/brownie2/ISE_Framework_S8_PO/clk_div.vhd sub01/vhpl136 1549023675
EN flag_reg5 NULL /home/asip02/Schreibtisch/Session8/brownie2/ISE_Framework_S8_PO/fhm_browregfile_w32.vhd sub00/vhpl91 1549023630
AR pca9564_interface pca9564_interface_arch /home/asip02/Schreibtisch/Session8/brownie2/ISE_Framework_S8_PO/pca9564_interface_state.vhd sub00/vhpl24 1549023563
AR rtg_proc_fsm rtl /home/asip02/Schreibtisch/Session8/brownie2/ISE_Framework_S8_PO/rtg_proc_fsm.vhd sub00/vhpl01 1549023540
EN fhm_multiplier_w32_tconv64 NULL /home/asip02/Schreibtisch/Session8/brownie2/ISE_Framework_S8_PO/fhm_multiplier_w32.vhd sub00/vhpl57 1549023596
EN rtg_register_w73 NULL /home/asip02/Schreibtisch/Session8/brownie2/ISE_Framework_S8_PO/rtg_register_w73.vhd sub00/vhpl08 1549023547
PH audioout_types NULL /home/asip02/Schreibtisch/Session8/brownie2/ISE_Framework_S8_PO/AudioOut_Types.vhd sub00/vhpl12 1549023551
AR fhm_multiplier_w32_add32 synthesis /home/asip02/Schreibtisch/Session8/brownie2/ISE_Framework_S8_PO/fhm_multiplier_w32.vhd sub00/vhpl46 1549023585
AR kcuart_tx low_level_definition /home/asip02/Schreibtisch/Session8/brownie2/ISE_Framework_S8_PO/kcuart_tx.vhd sub01/vhpl138 1549023677
EN fhm_multiplier_w32 NULL /home/asip02/Schreibtisch/Session8/brownie2/ISE_Framework_S8_PO/fhm_multiplier_w32.vhd sub00/vhpl59 1549023598
AR fhm_pcu_w32_add32 synthesis /home/asip02/Schreibtisch/Session8/brownie2/ISE_Framework_S8_PO/fhm_pcu_w32.vhd sub00/vhpl28 1549023567
AR fhm_divider_w32 synthesis /home/asip02/Schreibtisch/Session8/brownie2/ISE_Framework_S8_PO/fhm_divider_w32.vhd sub00/vhpl74 1549023613
AR fhm_divider_w32_lsftreg32 synthesis /home/asip02/Schreibtisch/Session8/brownie2/ISE_Framework_S8_PO/fhm_divider_w32.vhd sub00/vhpl68 1549023607
AR dlx_toplevel behavioral /home/asip02/Schreibtisch/Session8/brownie2/ISE_Framework_S8_PO/dlx_toplevel.vhd sub01/vhpl144 1549023683
AR fhm_extender_w8 synthesis /home/asip02/Schreibtisch/Session8/brownie2/ISE_Framework_S8_PO/fhm_extender_w8.vhd sub00/vhpl76 1549023615
AR rtg_mux2to1_w5 rtl /home/asip02/Schreibtisch/Session8/brownie2/ISE_Framework_S8_PO/rtg_mux2to1_w5.vhd sub01/vhpl110 1549023649
EN fhm_multiplier_w32_add32 NULL /home/asip02/Schreibtisch/Session8/brownie2/ISE_Framework_S8_PO/fhm_multiplier_w32.vhd sub00/vhpl45 1549023584
EN fhm_divider_w32_sdiv32 NULL /home/asip02/Schreibtisch/Session8/brownie2/ISE_Framework_S8_PO/fhm_divider_w32.vhd sub00/vhpl69 1549023608
AR fhm_browregfile_w32 synthesis /home/asip02/Schreibtisch/Session8/brownie2/ISE_Framework_S8_PO/fhm_browregfile_w32.vhd sub00/vhpl98 1549023637
EN multiclock_latch NULL /home/asip02/Schreibtisch/Session8/brownie2/ISE_Framework_S8_PO/i2c_multiclock_latch.vhd sub00/vhpl19 1549023558
AR fhm_alu_w32_add synthesis /home/asip02/Schreibtisch/Session8/brownie2/ISE_Framework_S8_PO/fhm_alu_w32.vhd sub00/vhpl40 1549023579
AR fhm_wire_out_w1 synthesis /home/asip02/Schreibtisch/Session8/brownie2/ISE_Framework_S8_PO/fhm_wire_out_w1.vhd sub00/vhpl86 1549023625
AR rtg_mux2to1_w1 rtl /home/asip02/Schreibtisch/Session8/brownie2/ISE_Framework_S8_PO/rtg_mux2to1_w1.vhd sub01/vhpl102 1549023641
AR audio_out_fifo audio_out_fifo_a /home/asip02/Schreibtisch/Session8/brownie2/ISE_Framework_S8_PO/audio_out_fifo.vhd sub00/vhpl16 1549023555
EN fhm_pcu_w32_add32 NULL /home/asip02/Schreibtisch/Session8/brownie2/ISE_Framework_S8_PO/fhm_pcu_w32.vhd sub00/vhpl27 1549023566
EN fhm_extender_w8 NULL /home/asip02/Schreibtisch/Session8/brownie2/ISE_Framework_S8_PO/fhm_extender_w8.vhd sub00/vhpl75 1549023614
AR fhm_multiplier_w32_tconv32 synthesis /home/asip02/Schreibtisch/Session8/brownie2/ISE_Framework_S8_PO/fhm_multiplier_w32.vhd sub00/vhpl56 1549023595
AR audioout_toplevel structure /home/asip02/Schreibtisch/Session8/brownie2/ISE_Framework_S8_PO/AudioOut_TopLevel.vhd sub01/vhpl134 1549023673
AR fhm_multiplier_w32_reg32 synthesis /home/asip02/Schreibtisch/Session8/brownie2/ISE_Framework_S8_PO/fhm_multiplier_w32.vhd sub00/vhpl50 1549023589
EN fhm_multiplier_w32_add64 NULL /home/asip02/Schreibtisch/Session8/brownie2/ISE_Framework_S8_PO/fhm_multiplier_w32.vhd sub00/vhpl47 1549023586
EN fhm_multiplier_w32_reg32 NULL /home/asip02/Schreibtisch/Session8/brownie2/ISE_Framework_S8_PO/fhm_multiplier_w32.vhd sub00/vhpl49 1549023588
AR fhm_divider_w32_tconv32 synthesis /home/asip02/Schreibtisch/Session8/brownie2/ISE_Framework_S8_PO/fhm_divider_w32.vhd sub00/vhpl72 1549023611
EN dlx_toplevel NULL /home/asip02/Schreibtisch/Session8/brownie2/ISE_Framework_S8_PO/dlx_toplevel.vhd sub01/vhpl143 1549023682
AR fhm_pcu_w32_reg32 synthesis /home/asip02/Schreibtisch/Session8/brownie2/ISE_Framework_S8_PO/fhm_pcu_w32.vhd sub00/vhpl30 1549023569
EN fifo_generator_v2_1 NULL /home/asip02/Schreibtisch/Session8/brownie2/ISE_Framework_S8_PO/fifo_generator_v2_1.vhd sub00/vhpl17 1549023556
AR rtg_mux3to1_w32 rtl /home/asip02/Schreibtisch/Session8/brownie2/ISE_Framework_S8_PO/rtg_mux3to1_w32.vhd sub01/vhpl108 1549023647
EN fhm_pcu_w32_reg32 NULL /home/asip02/Schreibtisch/Session8/brownie2/ISE_Framework_S8_PO/fhm_pcu_w32.vhd sub00/vhpl29 1549023568
EN brom_im NULL /home/asip02/Schreibtisch/Session8/brownie2/ISE_Framework_S8_PO/brom_im.vhd sub01/vhpl123 1549023662
AR fhm_fwu_w32 synthesis /home/asip02/Schreibtisch/Session8/brownie2/ISE_Framework_S8_PO/fhm_fwu_w32.vhd sub00/vhpl88 1549023627
AR fhm_multiplier_w32_smul synthesis /home/asip02/Schreibtisch/Session8/brownie2/ISE_Framework_S8_PO/fhm_multiplier_w32.vhd sub00/vhpl54 1549023593
AR flag_reg5 synthesis /home/asip02/Schreibtisch/Session8/brownie2/ISE_Framework_S8_PO/fhm_browregfile_w32.vhd sub00/vhpl92 1549023631
PB dlxtypes dlxtypes /home/asip02/Schreibtisch/Session8/brownie2/ISE_Framework_S8_PO/dlxTypes.vhd sub01/vhpl120 1549023659
AR fhm_divider_w32_add32 synthesis /home/asip02/Schreibtisch/Session8/brownie2/ISE_Framework_S8_PO/fhm_divider_w32.vhd sub00/vhpl62 1549023601
PB memorymappertypes memorymappertypes /home/asip02/Schreibtisch/Session8/brownie2/ISE_Framework_S8_PO/MemoryMapperTypes.vhd sub00/vhpl26 1549023565
EN fhm_multiplier_w32_reg64 NULL /home/asip02/Schreibtisch/Session8/brownie2/ISE_Framework_S8_PO/fhm_multiplier_w32.vhd sub00/vhpl51 1549023590
EN interface_asipmeister_i2c NULL /home/asip02/Schreibtisch/Session8/brownie2/ISE_Framework_S8_PO/interface_asipmeister_i2c.vhd sub01/vhpl129 1549023668
AR fhm_alu_w32 synthesis /home/asip02/Schreibtisch/Session8/brownie2/ISE_Framework_S8_PO/fhm_alu_w32.vhd sub00/vhpl42 1549023581
AR rtg_mux4to1_w5 rtl /home/asip02/Schreibtisch/Session8/brownie2/ISE_Framework_S8_PO/rtg_mux4to1_w5.vhd sub01/vhpl116 1549023655
EN fhm_multiplier_w32_smul NULL /home/asip02/Schreibtisch/Session8/brownie2/ISE_Framework_S8_PO/fhm_multiplier_w32.vhd sub00/vhpl53 1549023592
EN fhm_divider_w32_reg1 NULL /home/asip02/Schreibtisch/Session8/brownie2/ISE_Framework_S8_PO/fhm_divider_w32.vhd sub00/vhpl65 1549023604
AR fhm_shifter_w32 synthesis /home/asip02/Schreibtisch/Session8/brownie2/ISE_Framework_S8_PO/fhm_shifter_w32.vhd sub00/vhpl82 1549023621
EN rtg_mux15to1_w32 NULL /home/asip02/Schreibtisch/Session8/brownie2/ISE_Framework_S8_PO/rtg_mux15to1_w32.vhd sub01/vhpl111 1549023650
EN rtg_proc_fsm NULL /home/asip02/Schreibtisch/Session8/brownie2/ISE_Framework_S8_PO/rtg_proc_fsm.vhd sub00/vhpl00 1549023539
EN memorymapper NULL /home/asip02/Schreibtisch/Session8/brownie2/ISE_Framework_S8_PO/MemoryMapper.vhd sub01/vhpl127 1549023666
AR rtg_register_w32 rtl /home/asip02/Schreibtisch/Session8/brownie2/ISE_Framework_S8_PO/rtg_register_w32.vhd sub00/vhpl07 1549023546
EN rtg_mux3to1_w32 NULL /home/asip02/Schreibtisch/Session8/brownie2/ISE_Framework_S8_PO/rtg_mux3to1_w32.vhd sub01/vhpl107 1549023646
EN kcuart_rx NULL /home/asip02/Schreibtisch/Session8/brownie2/ISE_Framework_S8_PO/kcuart_rx.vhd sub01/vhpl139 1549023678
AR rtg_register_w73 rtl /home/asip02/Schreibtisch/Session8/brownie2/ISE_Framework_S8_PO/rtg_register_w73.vhd sub00/vhpl09 1549023548
EN pca9564_interface NULL /home/asip02/Schreibtisch/Session8/brownie2/ISE_Framework_S8_PO/pca9564_interface_state.vhd sub00/vhpl23 1549023562
PH dlxtypes NULL /home/asip02/Schreibtisch/Session8/brownie2/ISE_Framework_S8_PO/dlxTypes.vhd sub01/vhpl119 1549023658
AR fhm_register_w32 logic /home/asip02/Schreibtisch/Session8/brownie2/ISE_Framework_S8_PO/fhm_register_w32.vhd sub00/vhpl34 1549023573
AR rtg_mux5to1_w5 rtl /home/asip02/Schreibtisch/Session8/brownie2/ISE_Framework_S8_PO/rtg_mux5to1_w5.vhd sub01/vhpl114 1549023653
AR rtg_controller rtl /home/asip02/Schreibtisch/Session8/brownie2/ISE_Framework_S8_PO/rtg_controller.vhd sub01/vhpl106 1549023645
EN kcuart_tx NULL /home/asip02/Schreibtisch/Session8/brownie2/ISE_Framework_S8_PO/kcuart_tx.vhd sub01/vhpl137 1549023676
AR debouncer behavioral /home/asip02/Schreibtisch/Session8/brownie2/ISE_Framework_S8_PO/Debouncer.vhd sub01/vhpl142 1549023681
EN browniestd32 NULL /home/asip02/Schreibtisch/Session8/brownie2/ISE_Framework_S8_PO/BrownieSTD32.vhd sub01/vhpl121 1549023660
AR digitalanalogconverter behavioral /home/asip02/Schreibtisch/Session8/brownie2/ISE_Framework_S8_PO/DigitalAnalogConverter.vhd sub00/vhpl14 1549023553
AR rtg_register_w14 rtl /home/asip02/Schreibtisch/Session8/brownie2/ISE_Framework_S8_PO/rtg_register_w14.vhd sub00/vhpl11 1549023550
EN fhm_wire_out_w1 NULL /home/asip02/Schreibtisch/Session8/brownie2/ISE_Framework_S8_PO/fhm_wire_out_w1.vhd sub00/vhpl85 1549023624
AR fhm_extender_w16 synthesis /home/asip02/Schreibtisch/Session8/brownie2/ISE_Framework_S8_PO/fhm_extender_w16.vhd sub00/vhpl78 1549023617
AR fhm_multiplier_w32_reg1 synthesis /home/asip02/Schreibtisch/Session8/brownie2/ISE_Framework_S8_PO/fhm_multiplier_w32.vhd sub00/vhpl44 1549023583
EN rtg_register_w1 NULL /home/asip02/Schreibtisch/Session8/brownie2/ISE_Framework_S8_PO/rtg_register_w1.vhd sub00/vhpl02 1549023541
EN fhm_register_w32 NULL /home/asip02/Schreibtisch/Session8/brownie2/ISE_Framework_S8_PO/fhm_register_w32.vhd sub00/vhpl33 1549023572
EN rtg_register_w2 NULL /home/asip02/Schreibtisch/Session8/brownie2/ISE_Framework_S8_PO/rtg_register_w2.vhd sub00/vhpl04 1549023543
AR rtg_register_w5 rtl /home/asip02/Schreibtisch/Session8/brownie2/ISE_Framework_S8_PO/rtg_register_w5.vhd sub01/vhpl118 1549023657
AR browniestd32 rtl /home/asip02/Schreibtisch/Session8/brownie2/ISE_Framework_S8_PO/BrownieSTD32.vhd sub01/vhpl122 1549023661
AR interface_asipmeister_i2c interface_asipmeister_i2c_arch /home/asip02/Schreibtisch/Session8/brownie2/ISE_Framework_S8_PO/interface_asipmeister_i2c.vhd sub01/vhpl130 1549023669
EN rtg_register_w5 NULL /home/asip02/Schreibtisch/Session8/brownie2/ISE_Framework_S8_PO/rtg_register_w5.vhd sub01/vhpl117 1549023656
EN fhm_browregfile_w32_reg32 NULL /home/asip02/Schreibtisch/Session8/brownie2/ISE_Framework_S8_PO/fhm_browregfile_w32.vhd sub00/vhpl95 1549023634
AR fhm_mifu_w32_00 synthesis /home/asip02/Schreibtisch/Session8/brownie2/ISE_Framework_S8_PO/fhm_mifu_w32_00.vhd sub00/vhpl36 1549023575
AR rtg_register_w1 rtl /home/asip02/Schreibtisch/Session8/brownie2/ISE_Framework_S8_PO/rtg_register_w1.vhd sub00/vhpl03 1549023542
EN rtg_mux2to1_w32 NULL /home/asip02/Schreibtisch/Session8/brownie2/ISE_Framework_S8_PO/rtg_mux2to1_w32.vhd sub01/vhpl103 1549023642
PH memorymappertypes NULL /home/asip02/Schreibtisch/Session8/brownie2/ISE_Framework_S8_PO/MemoryMapperTypes.vhd sub00/vhpl25 1549023564
AR fhm_browregfile_w32_reg32 synthesis /home/asip02/Schreibtisch/Session8/brownie2/ISE_Framework_S8_PO/fhm_browregfile_w32.vhd sub00/vhpl96 1549023635
MO DCM_100 NULL DCM_100.v vlg0C/_d_c_m__100.bin 1549023545
EN fhm_pcu_w32 NULL /home/asip02/Schreibtisch/Session8/brownie2/ISE_Framework_S8_PO/fhm_pcu_w32.vhd sub00/vhpl31 1549023570
AR fhm_adder_w32 synthesis /home/asip02/Schreibtisch/Session8/brownie2/ISE_Framework_S8_PO/fhm_adder_w32.vhd sub01/vhpl100 1549023639
MO DCM_33 NULL DCM_33.v vlg39/_d_c_m__33.bin 1549023545
AR fhm_pcu_w32 synthesis /home/asip02/Schreibtisch/Session8/brownie2/ISE_Framework_S8_PO/fhm_pcu_w32.vhd sub00/vhpl32 1549023571
EN fhm_divider_w32 NULL /home/asip02/Schreibtisch/Session8/brownie2/ISE_Framework_S8_PO/fhm_divider_w32.vhd sub00/vhpl73 1549023612
EN status_reg27 NULL /home/asip02/Schreibtisch/Session8/brownie2/ISE_Framework_S8_PO/fhm_browregfile_w32.vhd sub00/vhpl93 1549023632
EN audio_out_fifo NULL /home/asip02/Schreibtisch/Session8/brownie2/ISE_Framework_S8_PO/audio_out_fifo.vhd sub00/vhpl15 1549023554
AR fifo_generator_v2_1 fifo_generator_v2_1_a /home/asip02/Schreibtisch/Session8/brownie2/ISE_Framework_S8_PO/fifo_generator_v2_1.vhd sub00/vhpl18 1549023557
AR fhm_multiplier_w32_add64 synthesis /home/asip02/Schreibtisch/Session8/brownie2/ISE_Framework_S8_PO/fhm_multiplier_w32.vhd sub00/vhpl48 1549023587
EN fhm_shifter_w32 NULL /home/asip02/Schreibtisch/Session8/brownie2/ISE_Framework_S8_PO/fhm_shifter_w32.vhd sub00/vhpl81 1549023620
AR fhm_mifu_w32_01 synthesis /home/asip02/Schreibtisch/Session8/brownie2/ISE_Framework_S8_PO/fhm_mifu_w32_01.vhd sub00/vhpl38 1549023577
EN debouncer NULL /home/asip02/Schreibtisch/Session8/brownie2/ISE_Framework_S8_PO/Debouncer.vhd sub01/vhpl141 1549023680
AR fhm_divider_w32_sdiv32 synthesis /home/asip02/Schreibtisch/Session8/brownie2/ISE_Framework_S8_PO/fhm_divider_w32.vhd sub00/vhpl70 1549023609
AR memorymapper behavioral /home/asip02/Schreibtisch/Session8/brownie2/ISE_Framework_S8_PO/MemoryMapper.vhd sub01/vhpl128 1549023667
EN fhm_extender_w16 NULL /home/asip02/Schreibtisch/Session8/brownie2/ISE_Framework_S8_PO/fhm_extender_w16.vhd sub00/vhpl77 1549023616
EN audioout_toplevel NULL /home/asip02/Schreibtisch/Session8/brownie2/ISE_Framework_S8_PO/AudioOut_TopLevel.vhd sub01/vhpl133 1549023672
EN fhm_extender_w26 NULL /home/asip02/Schreibtisch/Session8/brownie2/ISE_Framework_S8_PO/fhm_extender_w26.vhd sub00/vhpl79 1549023618
EN rtg_controller NULL /home/asip02/Schreibtisch/Session8/brownie2/ISE_Framework_S8_PO/rtg_controller.vhd sub01/vhpl105 1549023644
AR brom_im brom_im_a /home/asip02/Schreibtisch/Session8/brownie2/ISE_Framework_S8_PO/brom_im.vhd sub01/vhpl124 1549023663
EN fhm_divider_w32_tconv32 NULL /home/asip02/Schreibtisch/Session8/brownie2/ISE_Framework_S8_PO/fhm_divider_w32.vhd sub00/vhpl71 1549023610
EN i2c_arbiter NULL /home/asip02/Schreibtisch/Session8/brownie2/ISE_Framework_S8_PO/i2c_arbiter.vhd sub00/vhpl21 1549023560
AR rtg_mux15to1_w32 rtl /home/asip02/Schreibtisch/Session8/brownie2/ISE_Framework_S8_PO/rtg_mux15to1_w32.vhd sub01/vhpl112 1549023651
AR i2c_arbiter i2c_arbiter_arch /home/asip02/Schreibtisch/Session8/brownie2/ISE_Framework_S8_PO/i2c_arbiter.vhd sub00/vhpl22 1549023561
EN fhm_divider_w32_lsftreg32 NULL /home/asip02/Schreibtisch/Session8/brownie2/ISE_Framework_S8_PO/fhm_divider_w32.vhd sub00/vhpl67 1549023606
AR fhm_divider_w32_reg1 synthesis /home/asip02/Schreibtisch/Session8/brownie2/ISE_Framework_S8_PO/fhm_divider_w32.vhd sub00/vhpl66 1549023605
EN clk_div NULL /home/asip02/Schreibtisch/Session8/brownie2/ISE_Framework_S8_PO/clk_div.vhd sub01/vhpl135 1549023674
EN fhm_divider_w32_add32 NULL /home/asip02/Schreibtisch/Session8/brownie2/ISE_Framework_S8_PO/fhm_divider_w32.vhd sub00/vhpl61 1549023600
EN digitalanalogconverter NULL /home/asip02/Schreibtisch/Session8/brownie2/ISE_Framework_S8_PO/DigitalAnalogConverter.vhd sub00/vhpl13 1549023552
AR fhm_multiplier_w32_tconv64 synthesis /home/asip02/Schreibtisch/Session8/brownie2/ISE_Framework_S8_PO/fhm_multiplier_w32.vhd sub00/vhpl58 1549023597
AR rtg_mux2to1_w32 rtl /home/asip02/Schreibtisch/Session8/brownie2/ISE_Framework_S8_PO/rtg_mux2to1_w32.vhd sub01/vhpl104 1549023643
AR fhm_multiplier_w32_reg64 synthesis /home/asip02/Schreibtisch/Session8/brownie2/ISE_Framework_S8_PO/fhm_multiplier_w32.vhd sub00/vhpl52 1549023591
AR fhm_dummy_register_w32 logic /home/asip02/Schreibtisch/Session8/brownie2/ISE_Framework_S8_PO/fhm_dummy_register_w32.vhd sub00/vhpl90 1549023629
AR kcuart_rx low_level_definition /home/asip02/Schreibtisch/Session8/brownie2/ISE_Framework_S8_PO/kcuart_rx.vhd sub01/vhpl140 1549023679
AR rtg_register_w2 rtl /home/asip02/Schreibtisch/Session8/brownie2/ISE_Framework_S8_PO/rtg_register_w2.vhd sub00/vhpl05 1549023544
EN bram_dm NULL /home/asip02/Schreibtisch/Session8/brownie2/ISE_Framework_S8_PO/bram_dm.vhd sub01/vhpl125 1549023664
AR fhm_multiplier_w32 synthesis /home/asip02/Schreibtisch/Session8/brownie2/ISE_Framework_S8_PO/fhm_multiplier_w32.vhd sub00/vhpl60 1549023599
AR status_reg27 synthesis /home/asip02/Schreibtisch/Session8/brownie2/ISE_Framework_S8_PO/fhm_browregfile_w32.vhd sub00/vhpl94 1549023633
