EN fhm_fwu_w32 NULL /home/asip02/Schreibtisch/Session8/brownie2/ISE_XPower/test1/fhm_fwu_w32.vhd sub00/vhpl72 1548423090
EN rtg_mux5to1_w5 NULL /home/asip02/Schreibtisch/Session8/brownie2/ISE_XPower/test1/rtg_mux5to1_w5.vhd sub00/vhpl94 1548423112
EN fhm_dummy_register_w32 NULL /home/asip02/Schreibtisch/Session8/brownie2/ISE_XPower/test1/fhm_dummy_register_w32.vhd sub00/vhpl74 1548423092
EN fhm_divider_w32_reg32 NULL /home/asip02/Schreibtisch/Session8/brownie2/ISE_XPower/test1/fhm_divider_w32.vhd sub00/vhpl48 1548423066
AR fhm_wire_in_w1 synthesis /home/asip02/Schreibtisch/Session8/brownie2/ISE_XPower/test1/fhm_wire_in_w1.vhd sub00/vhpl69 1548423087
EN fhm_mifu_w32_00 NULL /home/asip02/Schreibtisch/Session8/brownie2/ISE_XPower/test1/fhm_mifu_w32_00.vhd sub00/vhpl20 1548423038
EN fhm_mifu_w32_01 NULL /home/asip02/Schreibtisch/Session8/brownie2/ISE_XPower/test1/fhm_mifu_w32_01.vhd sub00/vhpl22 1548423040
EN fhm_browregfile_w32 NULL /home/asip02/Schreibtisch/Session8/brownie2/ISE_XPower/test1/fhm_browregfile_w32.vhd sub00/vhpl82 1548423100
EN rtg_register_w14 NULL /home/asip02/Schreibtisch/Session8/brownie2/ISE_XPower/test1/rtg_register_w14.vhd sub00/vhpl10 1548423028
AR fhm_divider_w32_reg32 synthesis /home/asip02/Schreibtisch/Session8/brownie2/ISE_XPower/test1/fhm_divider_w32.vhd sub00/vhpl49 1548423067
EN fhm_wire_in_w1 NULL /home/asip02/Schreibtisch/Session8/brownie2/ISE_XPower/test1/fhm_wire_in_w1.vhd sub00/vhpl68 1548423086
EN rtg_mux3to1_w5 NULL /home/asip02/Schreibtisch/Session8/brownie2/ISE_XPower/test1/rtg_mux3to1_w5.vhd sub00/vhpl96 1548423114
EN rtg_register_w32 NULL /home/asip02/Schreibtisch/Session8/brownie2/ISE_XPower/test1/rtg_register_w32.vhd sub00/vhpl06 1548423024
AR fhm_extender_w26 synthesis /home/asip02/Schreibtisch/Session8/brownie2/ISE_XPower/test1/fhm_extender_w26.vhd sub00/vhpl65 1548423083
EN fhm_multiplier_w32_tconv32 NULL /home/asip02/Schreibtisch/Session8/brownie2/ISE_XPower/test1/fhm_multiplier_w32.vhd sub00/vhpl40 1548423058
EN rtg_mux12to1_w32 NULL /home/asip02/Schreibtisch/Session8/brownie2/ISE_XPower/test1/rtg_mux12to1_w32.vhd sub00/vhpl92 1548423110
EN fhm_alu_w32 NULL /home/asip02/Schreibtisch/Session8/brownie2/ISE_XPower/test1/fhm_alu_w32.vhd sub00/vhpl26 1548423044
EN fhm_alu_w32_add NULL /home/asip02/Schreibtisch/Session8/brownie2/ISE_XPower/test1/fhm_alu_w32.vhd sub00/vhpl24 1548423042
EN fhm_multiplier_w32_reg1 NULL /home/asip02/Schreibtisch/Session8/brownie2/ISE_XPower/test1/fhm_multiplier_w32.vhd sub00/vhpl28 1548423046
EN rtg_mux2to1_w5 NULL /home/asip02/Schreibtisch/Session8/brownie2/ISE_XPower/test1/rtg_mux2to1_w5.vhd sub00/vhpl90 1548423108
EN flag_reg5 NULL /home/asip02/Schreibtisch/Session8/brownie2/ISE_XPower/test1/fhm_browregfile_w32.vhd sub00/vhpl76 1548423094
AR rtg_proc_fsm rtl /home/asip02/Schreibtisch/Session8/brownie2/ISE_XPower/test1/rtg_proc_fsm.vhd sub00/vhpl01 1548423019
EN rtg_register_w64 NULL /home/asip02/Schreibtisch/Session8/brownie2/ISE_XPower/test1/rtg_register_w64.vhd sub00/vhpl08 1548423026
EN fhm_multiplier_w32_tconv64 NULL /home/asip02/Schreibtisch/Session8/brownie2/ISE_XPower/test1/fhm_multiplier_w32.vhd sub00/vhpl42 1548423060
AR fhm_multiplier_w32_add32 synthesis /home/asip02/Schreibtisch/Session8/brownie2/ISE_XPower/test1/fhm_multiplier_w32.vhd sub00/vhpl31 1548423049
EN fhm_multiplier_w32 NULL /home/asip02/Schreibtisch/Session8/brownie2/ISE_XPower/test1/fhm_multiplier_w32.vhd sub00/vhpl44 1548423062
AR fhm_pcu_w32_add32 synthesis /home/asip02/Schreibtisch/Session8/brownie2/ISE_XPower/test1/fhm_pcu_w32.vhd sub00/vhpl13 1548423031
AR fhm_divider_w32 synthesis /home/asip02/Schreibtisch/Session8/brownie2/ISE_XPower/test1/fhm_divider_w32.vhd sub00/vhpl59 1548423077
AR fhm_divider_w32_lsftreg32 synthesis /home/asip02/Schreibtisch/Session8/brownie2/ISE_XPower/test1/fhm_divider_w32.vhd sub00/vhpl53 1548423071
AR fhm_extender_w8 synthesis /home/asip02/Schreibtisch/Session8/brownie2/ISE_XPower/test1/fhm_extender_w8.vhd sub00/vhpl61 1548423079
AR rtg_mux2to1_w5 rtl /home/asip02/Schreibtisch/Session8/brownie2/ISE_XPower/test1/rtg_mux2to1_w5.vhd sub00/vhpl91 1548423109
EN fhm_multiplier_w32_add32 NULL /home/asip02/Schreibtisch/Session8/brownie2/ISE_XPower/test1/fhm_multiplier_w32.vhd sub00/vhpl30 1548423048
EN fhm_divider_w32_sdiv32 NULL /home/asip02/Schreibtisch/Session8/brownie2/ISE_XPower/test1/fhm_divider_w32.vhd sub00/vhpl54 1548423072
AR fhm_browregfile_w32 synthesis /home/asip02/Schreibtisch/Session8/brownie2/ISE_XPower/test1/fhm_browregfile_w32.vhd sub00/vhpl83 1548423101
AR fhm_alu_w32_add synthesis /home/asip02/Schreibtisch/Session8/brownie2/ISE_XPower/test1/fhm_alu_w32.vhd sub00/vhpl25 1548423043
AR fhm_wire_out_w1 synthesis /home/asip02/Schreibtisch/Session8/brownie2/ISE_XPower/test1/fhm_wire_out_w1.vhd sub00/vhpl71 1548423089
EN fhm_pcu_w32_add32 NULL /home/asip02/Schreibtisch/Session8/brownie2/ISE_XPower/test1/fhm_pcu_w32.vhd sub00/vhpl12 1548423030
EN fhm_extender_w8 NULL /home/asip02/Schreibtisch/Session8/brownie2/ISE_XPower/test1/fhm_extender_w8.vhd sub00/vhpl60 1548423078
AR fhm_multiplier_w32_tconv32 synthesis /home/asip02/Schreibtisch/Session8/brownie2/ISE_XPower/test1/fhm_multiplier_w32.vhd sub00/vhpl41 1548423059
AR fhm_multiplier_w32_reg32 synthesis /home/asip02/Schreibtisch/Session8/brownie2/ISE_XPower/test1/fhm_multiplier_w32.vhd sub00/vhpl35 1548423053
EN fhm_multiplier_w32_add64 NULL /home/asip02/Schreibtisch/Session8/brownie2/ISE_XPower/test1/fhm_multiplier_w32.vhd sub00/vhpl32 1548423050
AR rtg_mux3to1_w5 rtl /home/asip02/Schreibtisch/Session8/brownie2/ISE_XPower/test1/rtg_mux3to1_w5.vhd sub00/vhpl97 1548423115
EN fhm_multiplier_w32_reg32 NULL /home/asip02/Schreibtisch/Session8/brownie2/ISE_XPower/test1/fhm_multiplier_w32.vhd sub00/vhpl34 1548423052
AR fhm_divider_w32_tconv32 synthesis /home/asip02/Schreibtisch/Session8/brownie2/ISE_XPower/test1/fhm_divider_w32.vhd sub00/vhpl57 1548423075
AR fhm_pcu_w32_reg32 synthesis /home/asip02/Schreibtisch/Session8/brownie2/ISE_XPower/test1/fhm_pcu_w32.vhd sub00/vhpl15 1548423033
AR rtg_mux3to1_w32 rtl /home/asip02/Schreibtisch/Session8/brownie2/ISE_XPower/test1/rtg_mux3to1_w32.vhd sub00/vhpl89 1548423107
EN fhm_pcu_w32_reg32 NULL /home/asip02/Schreibtisch/Session8/brownie2/ISE_XPower/test1/fhm_pcu_w32.vhd sub00/vhpl14 1548423032
AR fhm_fwu_w32 synthesis /home/asip02/Schreibtisch/Session8/brownie2/ISE_XPower/test1/fhm_fwu_w32.vhd sub00/vhpl73 1548423091
AR fhm_multiplier_w32_smul synthesis /home/asip02/Schreibtisch/Session8/brownie2/ISE_XPower/test1/fhm_multiplier_w32.vhd sub00/vhpl39 1548423057
AR flag_reg5 synthesis /home/asip02/Schreibtisch/Session8/brownie2/ISE_XPower/test1/fhm_browregfile_w32.vhd sub00/vhpl77 1548423095
AR fhm_divider_w32_add32 synthesis /home/asip02/Schreibtisch/Session8/brownie2/ISE_XPower/test1/fhm_divider_w32.vhd sub00/vhpl47 1548423065
EN fhm_multiplier_w32_reg64 NULL /home/asip02/Schreibtisch/Session8/brownie2/ISE_XPower/test1/fhm_multiplier_w32.vhd sub00/vhpl36 1548423054
AR fhm_alu_w32 synthesis /home/asip02/Schreibtisch/Session8/brownie2/ISE_XPower/test1/fhm_alu_w32.vhd sub00/vhpl27 1548423045
EN fhm_multiplier_w32_smul NULL /home/asip02/Schreibtisch/Session8/brownie2/ISE_XPower/test1/fhm_multiplier_w32.vhd sub00/vhpl38 1548423056
AR fhm_shifter_w32 synthesis /home/asip02/Schreibtisch/Session8/brownie2/ISE_XPower/test1/fhm_shifter_w32.vhd sub00/vhpl67 1548423085
EN fhm_divider_w32_reg1 NULL /home/asip02/Schreibtisch/Session8/brownie2/ISE_XPower/test1/fhm_divider_w32.vhd sub00/vhpl50 1548423068
AR rtg_mux12to1_w32 rtl /home/asip02/Schreibtisch/Session8/brownie2/ISE_XPower/test1/rtg_mux12to1_w32.vhd sub00/vhpl93 1548423111
EN rtg_proc_fsm NULL /home/asip02/Schreibtisch/Session8/brownie2/ISE_XPower/test1/rtg_proc_fsm.vhd sub00/vhpl00 1548423018
AR rtg_register_w32 rtl /home/asip02/Schreibtisch/Session8/brownie2/ISE_XPower/test1/rtg_register_w32.vhd sub00/vhpl07 1548423025
EN rtg_mux3to1_w32 NULL /home/asip02/Schreibtisch/Session8/brownie2/ISE_XPower/test1/rtg_mux3to1_w32.vhd sub00/vhpl88 1548423106
AR fhm_register_w32 logic /home/asip02/Schreibtisch/Session8/brownie2/ISE_XPower/test1/fhm_register_w32.vhd sub00/vhpl19 1548423037
AR rtg_mux5to1_w5 rtl /home/asip02/Schreibtisch/Session8/brownie2/ISE_XPower/test1/rtg_mux5to1_w5.vhd sub00/vhpl95 1548423113
AR rtg_controller rtl /home/asip02/Schreibtisch/Session8/brownie2/ISE_XPower/test1/rtg_controller.vhd sub00/vhpl85 1548423103
AR rtg_register_w64 rtl /home/asip02/Schreibtisch/Session8/brownie2/ISE_XPower/test1/rtg_register_w64.vhd sub00/vhpl09 1548423027
EN browniestd32 NULL /home/asip02/Schreibtisch/Session8/brownie2/ISE_XPower/test1/BrownieSTD32.vhd sub01/vhpl100 1548423118
AR rtg_register_w14 rtl /home/asip02/Schreibtisch/Session8/brownie2/ISE_XPower/test1/rtg_register_w14.vhd sub00/vhpl11 1548423029
EN fhm_wire_out_w1 NULL /home/asip02/Schreibtisch/Session8/brownie2/ISE_XPower/test1/fhm_wire_out_w1.vhd sub00/vhpl70 1548423088
AR fhm_extender_w16 synthesis /home/asip02/Schreibtisch/Session8/brownie2/ISE_XPower/test1/fhm_extender_w16.vhd sub00/vhpl63 1548423081
AR fhm_multiplier_w32_reg1 synthesis /home/asip02/Schreibtisch/Session8/brownie2/ISE_XPower/test1/fhm_multiplier_w32.vhd sub00/vhpl29 1548423047
EN rtg_register_w1 NULL /home/asip02/Schreibtisch/Session8/brownie2/ISE_XPower/test1/rtg_register_w1.vhd sub00/vhpl02 1548423020
EN fhm_register_w32 NULL /home/asip02/Schreibtisch/Session8/brownie2/ISE_XPower/test1/fhm_register_w32.vhd sub00/vhpl18 1548423036
EN rtg_register_w2 NULL /home/asip02/Schreibtisch/Session8/brownie2/ISE_XPower/test1/rtg_register_w2.vhd sub00/vhpl04 1548423022
AR rtg_register_w5 rtl /home/asip02/Schreibtisch/Session8/brownie2/ISE_XPower/test1/rtg_register_w5.vhd sub00/vhpl99 1548423117
AR browniestd32 rtl /home/asip02/Schreibtisch/Session8/brownie2/ISE_XPower/test1/BrownieSTD32.vhd sub01/vhpl101 1548423119
EN rtg_register_w5 NULL /home/asip02/Schreibtisch/Session8/brownie2/ISE_XPower/test1/rtg_register_w5.vhd sub00/vhpl98 1548423116
EN fhm_browregfile_w32_reg32 NULL /home/asip02/Schreibtisch/Session8/brownie2/ISE_XPower/test1/fhm_browregfile_w32.vhd sub00/vhpl80 1548423098
AR fhm_mifu_w32_00 synthesis /home/asip02/Schreibtisch/Session8/brownie2/ISE_XPower/test1/fhm_mifu_w32_00.vhd sub00/vhpl21 1548423039
AR rtg_register_w1 rtl /home/asip02/Schreibtisch/Session8/brownie2/ISE_XPower/test1/rtg_register_w1.vhd sub00/vhpl03 1548423021
EN rtg_mux2to1_w32 NULL /home/asip02/Schreibtisch/Session8/brownie2/ISE_XPower/test1/rtg_mux2to1_w32.vhd sub00/vhpl86 1548423104
AR fhm_browregfile_w32_reg32 synthesis /home/asip02/Schreibtisch/Session8/brownie2/ISE_XPower/test1/fhm_browregfile_w32.vhd sub00/vhpl81 1548423099
EN fhm_pcu_w32 NULL /home/asip02/Schreibtisch/Session8/brownie2/ISE_XPower/test1/fhm_pcu_w32.vhd sub00/vhpl16 1548423034
AR fhm_pcu_w32 synthesis /home/asip02/Schreibtisch/Session8/brownie2/ISE_XPower/test1/fhm_pcu_w32.vhd sub00/vhpl17 1548423035
EN fhm_divider_w32 NULL /home/asip02/Schreibtisch/Session8/brownie2/ISE_XPower/test1/fhm_divider_w32.vhd sub00/vhpl58 1548423076
EN status_reg27 NULL /home/asip02/Schreibtisch/Session8/brownie2/ISE_XPower/test1/fhm_browregfile_w32.vhd sub00/vhpl78 1548423096
AR fhm_multiplier_w32_add64 synthesis /home/asip02/Schreibtisch/Session8/brownie2/ISE_XPower/test1/fhm_multiplier_w32.vhd sub00/vhpl33 1548423051
EN fhm_shifter_w32 NULL /home/asip02/Schreibtisch/Session8/brownie2/ISE_XPower/test1/fhm_shifter_w32.vhd sub00/vhpl66 1548423084
AR fhm_mifu_w32_01 synthesis /home/asip02/Schreibtisch/Session8/brownie2/ISE_XPower/test1/fhm_mifu_w32_01.vhd sub00/vhpl23 1548423041
AR fhm_divider_w32_sdiv32 synthesis /home/asip02/Schreibtisch/Session8/brownie2/ISE_XPower/test1/fhm_divider_w32.vhd sub00/vhpl55 1548423073
EN fhm_extender_w16 NULL /home/asip02/Schreibtisch/Session8/brownie2/ISE_XPower/test1/fhm_extender_w16.vhd sub00/vhpl62 1548423080
EN fhm_extender_w26 NULL /home/asip02/Schreibtisch/Session8/brownie2/ISE_XPower/test1/fhm_extender_w26.vhd sub00/vhpl64 1548423082
EN rtg_controller NULL /home/asip02/Schreibtisch/Session8/brownie2/ISE_XPower/test1/rtg_controller.vhd sub00/vhpl84 1548423102
EN fhm_divider_w32_tconv32 NULL /home/asip02/Schreibtisch/Session8/brownie2/ISE_XPower/test1/fhm_divider_w32.vhd sub00/vhpl56 1548423074
EN fhm_divider_w32_lsftreg32 NULL /home/asip02/Schreibtisch/Session8/brownie2/ISE_XPower/test1/fhm_divider_w32.vhd sub00/vhpl52 1548423070
AR fhm_divider_w32_reg1 synthesis /home/asip02/Schreibtisch/Session8/brownie2/ISE_XPower/test1/fhm_divider_w32.vhd sub00/vhpl51 1548423069
EN fhm_divider_w32_add32 NULL /home/asip02/Schreibtisch/Session8/brownie2/ISE_XPower/test1/fhm_divider_w32.vhd sub00/vhpl46 1548423064
AR fhm_multiplier_w32_tconv64 synthesis /home/asip02/Schreibtisch/Session8/brownie2/ISE_XPower/test1/fhm_multiplier_w32.vhd sub00/vhpl43 1548423061
AR rtg_mux2to1_w32 rtl /home/asip02/Schreibtisch/Session8/brownie2/ISE_XPower/test1/rtg_mux2to1_w32.vhd sub00/vhpl87 1548423105
AR fhm_multiplier_w32_reg64 synthesis /home/asip02/Schreibtisch/Session8/brownie2/ISE_XPower/test1/fhm_multiplier_w32.vhd sub00/vhpl37 1548423055
AR fhm_dummy_register_w32 logic /home/asip02/Schreibtisch/Session8/brownie2/ISE_XPower/test1/fhm_dummy_register_w32.vhd sub00/vhpl75 1548423093
AR rtg_register_w2 rtl /home/asip02/Schreibtisch/Session8/brownie2/ISE_XPower/test1/rtg_register_w2.vhd sub00/vhpl05 1548423023
AR fhm_multiplier_w32 synthesis /home/asip02/Schreibtisch/Session8/brownie2/ISE_XPower/test1/fhm_multiplier_w32.vhd sub00/vhpl45 1548423063
AR status_reg27 synthesis /home/asip02/Schreibtisch/Session8/brownie2/ISE_XPower/test1/fhm_browregfile_w32.vhd sub00/vhpl79 1548423097
