V3 183
FL /home/asip02/Schreibtisch/Session8/brownie2/ISE_XPower/test1/BrownieSTD32.vhd 2019/01/25.13:50:58 O.61xd
EN work/BrownieSTD32 1548423118 \
      FL /home/asip02/Schreibtisch/Session8/brownie2/ISE_XPower/test1/BrownieSTD32.vhd \
      PB ieee/std_logic_1164 1308643377
AR work/BrownieSTD32/RTL 1548423119 \
      FL /home/asip02/Schreibtisch/Session8/brownie2/ISE_XPower/test1/BrownieSTD32.vhd \
      EN work/BrownieSTD32 1548423118 CP fhm_pcu_w32 CP fhm_register_w32 \
      CP fhm_mifu_w32_00 CP fhm_mifu_w32_01 CP fhm_alu_w32 CP fhm_multiplier_w32 \
      CP fhm_divider_w32 CP fhm_extender_w8 CP fhm_extender_w16 CP fhm_extender_w26 \
      CP fhm_shifter_w32 CP fhm_wire_in_w1 CP fhm_wire_out_w1 CP fhm_fwu_w32 \
      CP fhm_dummy_register_w32 CP fhm_browregfile_w32 CP rtg_controller \
      CP rtg_mux2to1_w32 CP rtg_mux3to1_w32 CP rtg_mux2to1_w5 CP rtg_mux12to1_w32 \
      CP rtg_mux5to1_w5 CP rtg_mux3to1_w5 CP rtg_register_w32 CP rtg_register_w5
FL /home/asip02/Schreibtisch/Session8/brownie2/ISE_XPower/test1/fhm_alu_w32.vhd 2019/01/25.13:50:58 O.61xd
EN work/fhm_alu_w32_add 1548423042 \
      FL /home/asip02/Schreibtisch/Session8/brownie2/ISE_XPower/test1/fhm_alu_w32.vhd \
      PB ieee/std_logic_1164 1308643377 PB ieee/STD_LOGIC_UNSIGNED 1308643379
AR work/fhm_alu_w32_add/synthesis 1548423043 \
      FL /home/asip02/Schreibtisch/Session8/brownie2/ISE_XPower/test1/fhm_alu_w32.vhd \
      EN work/fhm_alu_w32_add 1548423042
EN work/fhm_alu_w32 1548423044 \
      FL /home/asip02/Schreibtisch/Session8/brownie2/ISE_XPower/test1/fhm_alu_w32.vhd \
      PB ieee/std_logic_1164 1308643377 PB ieee/STD_LOGIC_UNSIGNED 1308643379 \
      PB ieee/std_logic_arith 1308643378
AR work/fhm_alu_w32/synthesis 1548423045 \
      FL /home/asip02/Schreibtisch/Session8/brownie2/ISE_XPower/test1/fhm_alu_w32.vhd \
      EN work/fhm_alu_w32 1548423044 CP fhm_alu_w32_add
FL /home/asip02/Schreibtisch/Session8/brownie2/ISE_XPower/test1/fhm_browregfile_w32.vhd 2019/01/25.13:50:58 O.61xd
EN work/flag_reg5 1548423094 \
      FL /home/asip02/Schreibtisch/Session8/brownie2/ISE_XPower/test1/fhm_browregfile_w32.vhd \
      PB ieee/std_logic_1164 1308643377 PB ieee/STD_LOGIC_UNSIGNED 1308643379
AR work/flag_reg5/synthesis 1548423095 \
      FL /home/asip02/Schreibtisch/Session8/brownie2/ISE_XPower/test1/fhm_browregfile_w32.vhd \
      EN work/flag_reg5 1548423094
EN work/status_reg27 1548423096 \
      FL /home/asip02/Schreibtisch/Session8/brownie2/ISE_XPower/test1/fhm_browregfile_w32.vhd \
      PB ieee/std_logic_1164 1308643377 PB ieee/STD_LOGIC_UNSIGNED 1308643379
AR work/status_reg27/synthesis 1548423097 \
      FL /home/asip02/Schreibtisch/Session8/brownie2/ISE_XPower/test1/fhm_browregfile_w32.vhd \
      EN work/status_reg27 1548423096
EN work/fhm_browregfile_w32_reg32 1548423098 \
      FL /home/asip02/Schreibtisch/Session8/brownie2/ISE_XPower/test1/fhm_browregfile_w32.vhd \
      PB ieee/std_logic_1164 1308643377 PB ieee/STD_LOGIC_UNSIGNED 1308643379
AR work/fhm_browregfile_w32_reg32/synthesis 1548423099 \
      FL /home/asip02/Schreibtisch/Session8/brownie2/ISE_XPower/test1/fhm_browregfile_w32.vhd \
      EN work/fhm_browregfile_w32_reg32 1548423098
EN work/fhm_browregfile_w32 1548423100 \
      FL /home/asip02/Schreibtisch/Session8/brownie2/ISE_XPower/test1/fhm_browregfile_w32.vhd \
      PB ieee/std_logic_1164 1308643377
AR work/fhm_browregfile_w32/synthesis 1548423101 \
      FL /home/asip02/Schreibtisch/Session8/brownie2/ISE_XPower/test1/fhm_browregfile_w32.vhd \
      EN work/fhm_browregfile_w32 1548423100 CP flag_reg5 CP status_reg27 \
      CP fhm_browregfile_w32_reg32
FL /home/asip02/Schreibtisch/Session8/brownie2/ISE_XPower/test1/fhm_divider_w32.vhd 2019/01/25.13:50:58 O.61xd
EN work/fhm_divider_w32_add32 1548423064 \
      FL /home/asip02/Schreibtisch/Session8/brownie2/ISE_XPower/test1/fhm_divider_w32.vhd \
      PB ieee/std_logic_1164 1308643377 PB ieee/STD_LOGIC_UNSIGNED 1308643379
AR work/fhm_divider_w32_add32/synthesis 1548423065 \
      FL /home/asip02/Schreibtisch/Session8/brownie2/ISE_XPower/test1/fhm_divider_w32.vhd \
      EN work/fhm_divider_w32_add32 1548423064
EN work/fhm_divider_w32_reg32 1548423066 \
      FL /home/asip02/Schreibtisch/Session8/brownie2/ISE_XPower/test1/fhm_divider_w32.vhd \
      PB ieee/std_logic_1164 1308643377 PB ieee/STD_LOGIC_UNSIGNED 1308643379
AR work/fhm_divider_w32_reg32/synthesis 1548423067 \
      FL /home/asip02/Schreibtisch/Session8/brownie2/ISE_XPower/test1/fhm_divider_w32.vhd \
      EN work/fhm_divider_w32_reg32 1548423066
EN work/fhm_divider_w32_reg1 1548423068 \
      FL /home/asip02/Schreibtisch/Session8/brownie2/ISE_XPower/test1/fhm_divider_w32.vhd \
      PB ieee/std_logic_1164 1308643377 PB ieee/STD_LOGIC_UNSIGNED 1308643379
AR work/fhm_divider_w32_reg1/synthesis 1548423069 \
      FL /home/asip02/Schreibtisch/Session8/brownie2/ISE_XPower/test1/fhm_divider_w32.vhd \
      EN work/fhm_divider_w32_reg1 1548423068
EN work/fhm_divider_w32_lsftreg32 1548423070 \
      FL /home/asip02/Schreibtisch/Session8/brownie2/ISE_XPower/test1/fhm_divider_w32.vhd \
      PB ieee/std_logic_1164 1308643377 PB ieee/STD_LOGIC_UNSIGNED 1308643379
AR work/fhm_divider_w32_lsftreg32/synthesis 1548423071 \
      FL /home/asip02/Schreibtisch/Session8/brownie2/ISE_XPower/test1/fhm_divider_w32.vhd \
      EN work/fhm_divider_w32_lsftreg32 1548423070 CP fhm_divider_w32_reg32 \
      CP fhm_divider_w32_reg1
EN work/fhm_divider_w32_sdiv32 1548423072 \
      FL /home/asip02/Schreibtisch/Session8/brownie2/ISE_XPower/test1/fhm_divider_w32.vhd \
      PB ieee/std_logic_1164 1308643377 PB ieee/STD_LOGIC_UNSIGNED 1308643379
AR work/fhm_divider_w32_sdiv32/synthesis 1548423073 \
      FL /home/asip02/Schreibtisch/Session8/brownie2/ISE_XPower/test1/fhm_divider_w32.vhd \
      EN work/fhm_divider_w32_sdiv32 1548423072 CP fhm_divider_w32_lsftreg32 \
      CP fhm_divider_w32_add32 CP fhm_divider_w32_reg32
EN work/fhm_divider_w32_tconv32 1548423074 \
      FL /home/asip02/Schreibtisch/Session8/brownie2/ISE_XPower/test1/fhm_divider_w32.vhd \
      PB ieee/std_logic_1164 1308643377 PB ieee/STD_LOGIC_UNSIGNED 1308643379
AR work/fhm_divider_w32_tconv32/synthesis 1548423075 \
      FL /home/asip02/Schreibtisch/Session8/brownie2/ISE_XPower/test1/fhm_divider_w32.vhd \
      EN work/fhm_divider_w32_tconv32 1548423074 CP fhm_divider_w32_add32
EN work/fhm_divider_w32 1548423076 \
      FL /home/asip02/Schreibtisch/Session8/brownie2/ISE_XPower/test1/fhm_divider_w32.vhd \
      PB ieee/std_logic_1164 1308643377 PB ieee/STD_LOGIC_UNSIGNED 1308643379
AR work/fhm_divider_w32/synthesis 1548423077 \
      FL /home/asip02/Schreibtisch/Session8/brownie2/ISE_XPower/test1/fhm_divider_w32.vhd \
      EN work/fhm_divider_w32 1548423076 CP fhm_divider_w32_tconv32 \
      CP fhm_divider_w32_sdiv32 CP fhm_divider_w32_reg1
FL /home/asip02/Schreibtisch/Session8/brownie2/ISE_XPower/test1/fhm_dummy_register_w32.vhd 2019/01/25.13:50:58 O.61xd
EN work/fhm_dummy_register_w32 1548423092 \
      FL /home/asip02/Schreibtisch/Session8/brownie2/ISE_XPower/test1/fhm_dummy_register_w32.vhd \
      PB ieee/std_logic_1164 1308643377 PB ieee/STD_LOGIC_UNSIGNED 1308643379
AR work/fhm_dummy_register_w32/logic 1548423093 \
      FL /home/asip02/Schreibtisch/Session8/brownie2/ISE_XPower/test1/fhm_dummy_register_w32.vhd \
      EN work/fhm_dummy_register_w32 1548423092
FL /home/asip02/Schreibtisch/Session8/brownie2/ISE_XPower/test1/fhm_extender_w16.vhd 2019/01/25.13:50:58 O.61xd
EN work/fhm_extender_w16 1548423080 \
      FL /home/asip02/Schreibtisch/Session8/brownie2/ISE_XPower/test1/fhm_extender_w16.vhd \
      PB ieee/std_logic_1164 1308643377 PB ieee/STD_LOGIC_UNSIGNED 1308643379
AR work/fhm_extender_w16/synthesis 1548423081 \
      FL /home/asip02/Schreibtisch/Session8/brownie2/ISE_XPower/test1/fhm_extender_w16.vhd \
      EN work/fhm_extender_w16 1548423080
FL /home/asip02/Schreibtisch/Session8/brownie2/ISE_XPower/test1/fhm_extender_w26.vhd 2019/01/25.13:50:58 O.61xd
EN work/fhm_extender_w26 1548423082 \
      FL /home/asip02/Schreibtisch/Session8/brownie2/ISE_XPower/test1/fhm_extender_w26.vhd \
      PB ieee/std_logic_1164 1308643377 PB ieee/STD_LOGIC_UNSIGNED 1308643379
AR work/fhm_extender_w26/synthesis 1548423083 \
      FL /home/asip02/Schreibtisch/Session8/brownie2/ISE_XPower/test1/fhm_extender_w26.vhd \
      EN work/fhm_extender_w26 1548423082
FL /home/asip02/Schreibtisch/Session8/brownie2/ISE_XPower/test1/fhm_extender_w8.vhd 2019/01/25.13:50:58 O.61xd
EN work/fhm_extender_w8 1548423078 \
      FL /home/asip02/Schreibtisch/Session8/brownie2/ISE_XPower/test1/fhm_extender_w8.vhd \
      PB ieee/std_logic_1164 1308643377 PB ieee/STD_LOGIC_UNSIGNED 1308643379
AR work/fhm_extender_w8/synthesis 1548423079 \
      FL /home/asip02/Schreibtisch/Session8/brownie2/ISE_XPower/test1/fhm_extender_w8.vhd \
      EN work/fhm_extender_w8 1548423078
FL /home/asip02/Schreibtisch/Session8/brownie2/ISE_XPower/test1/fhm_fwu_w32.vhd 2019/01/25.13:50:58 O.61xd
EN work/fhm_fwu_w32 1548423090 \
      FL /home/asip02/Schreibtisch/Session8/brownie2/ISE_XPower/test1/fhm_fwu_w32.vhd \
      PB ieee/std_logic_1164 1308643377
AR work/fhm_fwu_w32/synthesis 1548423091 \
      FL /home/asip02/Schreibtisch/Session8/brownie2/ISE_XPower/test1/fhm_fwu_w32.vhd \
      EN work/fhm_fwu_w32 1548423090
FL /home/asip02/Schreibtisch/Session8/brownie2/ISE_XPower/test1/fhm_mifu_w32_00.vhd 2019/01/25.13:50:58 O.61xd
EN work/fhm_mifu_w32_00 1548423038 \
      FL /home/asip02/Schreibtisch/Session8/brownie2/ISE_XPower/test1/fhm_mifu_w32_00.vhd \
      PB ieee/std_logic_1164 1308643377
AR work/fhm_mifu_w32_00/synthesis 1548423039 \
      FL /home/asip02/Schreibtisch/Session8/brownie2/ISE_XPower/test1/fhm_mifu_w32_00.vhd \
      EN work/fhm_mifu_w32_00 1548423038
FL /home/asip02/Schreibtisch/Session8/brownie2/ISE_XPower/test1/fhm_mifu_w32_01.vhd 2019/01/25.13:50:58 O.61xd
EN work/fhm_mifu_w32_01 1548423040 \
      FL /home/asip02/Schreibtisch/Session8/brownie2/ISE_XPower/test1/fhm_mifu_w32_01.vhd \
      PB ieee/std_logic_1164 1308643377
AR work/fhm_mifu_w32_01/synthesis 1548423041 \
      FL /home/asip02/Schreibtisch/Session8/brownie2/ISE_XPower/test1/fhm_mifu_w32_01.vhd \
      EN work/fhm_mifu_w32_01 1548423040
FL /home/asip02/Schreibtisch/Session8/brownie2/ISE_XPower/test1/fhm_multiplier_w32.vhd 2019/01/25.13:50:58 O.61xd
EN work/fhm_multiplier_w32_reg1 1548423046 \
      FL /home/asip02/Schreibtisch/Session8/brownie2/ISE_XPower/test1/fhm_multiplier_w32.vhd \
      PB ieee/std_logic_1164 1308643377 PB ieee/STD_LOGIC_UNSIGNED 1308643379
AR work/fhm_multiplier_w32_reg1/synthesis 1548423047 \
      FL /home/asip02/Schreibtisch/Session8/brownie2/ISE_XPower/test1/fhm_multiplier_w32.vhd \
      EN work/fhm_multiplier_w32_reg1 1548423046
EN work/fhm_multiplier_w32_add32 1548423048 \
      FL /home/asip02/Schreibtisch/Session8/brownie2/ISE_XPower/test1/fhm_multiplier_w32.vhd \
      PB ieee/std_logic_1164 1308643377 PB ieee/STD_LOGIC_UNSIGNED 1308643379
AR work/fhm_multiplier_w32_add32/synthesis 1548423049 \
      FL /home/asip02/Schreibtisch/Session8/brownie2/ISE_XPower/test1/fhm_multiplier_w32.vhd \
      EN work/fhm_multiplier_w32_add32 1548423048
EN work/fhm_multiplier_w32_add64 1548423050 \
      FL /home/asip02/Schreibtisch/Session8/brownie2/ISE_XPower/test1/fhm_multiplier_w32.vhd \
      PB ieee/std_logic_1164 1308643377 PB ieee/STD_LOGIC_UNSIGNED 1308643379
AR work/fhm_multiplier_w32_add64/synthesis 1548423051 \
      FL /home/asip02/Schreibtisch/Session8/brownie2/ISE_XPower/test1/fhm_multiplier_w32.vhd \
      EN work/fhm_multiplier_w32_add64 1548423050
EN work/fhm_multiplier_w32_reg32 1548423052 \
      FL /home/asip02/Schreibtisch/Session8/brownie2/ISE_XPower/test1/fhm_multiplier_w32.vhd \
      PB ieee/std_logic_1164 1308643377 PB ieee/STD_LOGIC_UNSIGNED 1308643379
AR work/fhm_multiplier_w32_reg32/synthesis 1548423053 \
      FL /home/asip02/Schreibtisch/Session8/brownie2/ISE_XPower/test1/fhm_multiplier_w32.vhd \
      EN work/fhm_multiplier_w32_reg32 1548423052
EN work/fhm_multiplier_w32_reg64 1548423054 \
      FL /home/asip02/Schreibtisch/Session8/brownie2/ISE_XPower/test1/fhm_multiplier_w32.vhd \
      PB ieee/std_logic_1164 1308643377 PB ieee/STD_LOGIC_UNSIGNED 1308643379
AR work/fhm_multiplier_w32_reg64/synthesis 1548423055 \
      FL /home/asip02/Schreibtisch/Session8/brownie2/ISE_XPower/test1/fhm_multiplier_w32.vhd \
      EN work/fhm_multiplier_w32_reg64 1548423054
EN work/fhm_multiplier_w32_smul 1548423056 \
      FL /home/asip02/Schreibtisch/Session8/brownie2/ISE_XPower/test1/fhm_multiplier_w32.vhd \
      PB ieee/std_logic_1164 1308643377 PB ieee/STD_LOGIC_UNSIGNED 1308643379
AR work/fhm_multiplier_w32_smul/synthesis 1548423057 \
      FL /home/asip02/Schreibtisch/Session8/brownie2/ISE_XPower/test1/fhm_multiplier_w32.vhd \
      EN work/fhm_multiplier_w32_smul 1548423056 CP fhm_multiplier_w32_reg32 \
      CP fhm_multiplier_w32_add64 CP fhm_multiplier_w32_reg64
EN work/fhm_multiplier_w32_tconv32 1548423058 \
      FL /home/asip02/Schreibtisch/Session8/brownie2/ISE_XPower/test1/fhm_multiplier_w32.vhd \
      PB ieee/std_logic_1164 1308643377 PB ieee/STD_LOGIC_UNSIGNED 1308643379
AR work/fhm_multiplier_w32_tconv32/synthesis 1548423059 \
      FL /home/asip02/Schreibtisch/Session8/brownie2/ISE_XPower/test1/fhm_multiplier_w32.vhd \
      EN work/fhm_multiplier_w32_tconv32 1548423058 CP fhm_multiplier_w32_add32
EN work/fhm_multiplier_w32_tconv64 1548423060 \
      FL /home/asip02/Schreibtisch/Session8/brownie2/ISE_XPower/test1/fhm_multiplier_w32.vhd \
      PB ieee/std_logic_1164 1308643377 PB ieee/STD_LOGIC_UNSIGNED 1308643379
AR work/fhm_multiplier_w32_tconv64/synthesis 1548423061 \
      FL /home/asip02/Schreibtisch/Session8/brownie2/ISE_XPower/test1/fhm_multiplier_w32.vhd \
      EN work/fhm_multiplier_w32_tconv64 1548423060 CP fhm_multiplier_w32_add64
EN work/fhm_multiplier_w32 1548423062 \
      FL /home/asip02/Schreibtisch/Session8/brownie2/ISE_XPower/test1/fhm_multiplier_w32.vhd \
      PB ieee/std_logic_1164 1308643377 PB ieee/STD_LOGIC_UNSIGNED 1308643379
AR work/fhm_multiplier_w32/synthesis 1548423063 \
      FL /home/asip02/Schreibtisch/Session8/brownie2/ISE_XPower/test1/fhm_multiplier_w32.vhd \
      EN work/fhm_multiplier_w32 1548423062 CP fhm_multiplier_w32_reg1 \
      CP fhm_multiplier_w32_tconv32 CP fhm_multiplier_w32_smul \
      CP fhm_multiplier_w32_tconv64
FL /home/asip02/Schreibtisch/Session8/brownie2/ISE_XPower/test1/fhm_pcu_w32.vhd 2019/01/25.13:50:58 O.61xd
EN work/fhm_pcu_w32_add32 1548423030 \
      FL /home/asip02/Schreibtisch/Session8/brownie2/ISE_XPower/test1/fhm_pcu_w32.vhd \
      PB ieee/std_logic_1164 1308643377 PB ieee/STD_LOGIC_UNSIGNED 1308643379
AR work/fhm_pcu_w32_add32/synthesis 1548423031 \
      FL /home/asip02/Schreibtisch/Session8/brownie2/ISE_XPower/test1/fhm_pcu_w32.vhd \
      EN work/fhm_pcu_w32_add32 1548423030
EN work/fhm_pcu_w32_reg32 1548423032 \
      FL /home/asip02/Schreibtisch/Session8/brownie2/ISE_XPower/test1/fhm_pcu_w32.vhd \
      PB ieee/std_logic_1164 1308643377 PB ieee/STD_LOGIC_UNSIGNED 1308643379
AR work/fhm_pcu_w32_reg32/synthesis 1548423033 \
      FL /home/asip02/Schreibtisch/Session8/brownie2/ISE_XPower/test1/fhm_pcu_w32.vhd \
      EN work/fhm_pcu_w32_reg32 1548423032
EN work/fhm_pcu_w32 1548423034 \
      FL /home/asip02/Schreibtisch/Session8/brownie2/ISE_XPower/test1/fhm_pcu_w32.vhd \
      PB ieee/std_logic_1164 1308643377 PB ieee/std_logic_arith 1308643378 \
      PB ieee/STD_LOGIC_SIGNED 1308643379
AR work/fhm_pcu_w32/synthesis 1548423035 \
      FL /home/asip02/Schreibtisch/Session8/brownie2/ISE_XPower/test1/fhm_pcu_w32.vhd \
      EN work/fhm_pcu_w32 1548423034 CP fhm_pcu_w32_add32 CP fhm_pcu_w32_reg32
FL /home/asip02/Schreibtisch/Session8/brownie2/ISE_XPower/test1/fhm_register_w32.vhd 2019/01/25.13:50:58 O.61xd
EN work/fhm_register_w32 1548423036 \
      FL /home/asip02/Schreibtisch/Session8/brownie2/ISE_XPower/test1/fhm_register_w32.vhd \
      PB ieee/std_logic_1164 1308643377 PB ieee/STD_LOGIC_UNSIGNED 1308643379
AR work/fhm_register_w32/logic 1548423037 \
      FL /home/asip02/Schreibtisch/Session8/brownie2/ISE_XPower/test1/fhm_register_w32.vhd \
      EN work/fhm_register_w32 1548423036
FL /home/asip02/Schreibtisch/Session8/brownie2/ISE_XPower/test1/fhm_shifter_w32.vhd 2019/01/25.13:50:58 O.61xd
EN work/fhm_shifter_w32 1548423084 \
      FL /home/asip02/Schreibtisch/Session8/brownie2/ISE_XPower/test1/fhm_shifter_w32.vhd \
      PB ieee/std_logic_1164 1308643377 PB ieee/std_logic_arith 1308643378 \
      PB ieee/STD_LOGIC_UNSIGNED 1308643379
AR work/fhm_shifter_w32/synthesis 1548423085 \
      FL /home/asip02/Schreibtisch/Session8/brownie2/ISE_XPower/test1/fhm_shifter_w32.vhd \
      EN work/fhm_shifter_w32 1548423084
FL /home/asip02/Schreibtisch/Session8/brownie2/ISE_XPower/test1/fhm_wire_in_w1.vhd 2019/01/25.13:50:58 O.61xd
EN work/fhm_wire_in_w1 1548423086 \
      FL /home/asip02/Schreibtisch/Session8/brownie2/ISE_XPower/test1/fhm_wire_in_w1.vhd \
      PB ieee/std_logic_1164 1308643377
AR work/fhm_wire_in_w1/synthesis 1548423087 \
      FL /home/asip02/Schreibtisch/Session8/brownie2/ISE_XPower/test1/fhm_wire_in_w1.vhd \
      EN work/fhm_wire_in_w1 1548423086
FL /home/asip02/Schreibtisch/Session8/brownie2/ISE_XPower/test1/fhm_wire_out_w1.vhd 2019/01/25.13:50:58 O.61xd
EN work/fhm_wire_out_w1 1548423088 \
      FL /home/asip02/Schreibtisch/Session8/brownie2/ISE_XPower/test1/fhm_wire_out_w1.vhd \
      PB ieee/std_logic_1164 1308643377
AR work/fhm_wire_out_w1/synthesis 1548423089 \
      FL /home/asip02/Schreibtisch/Session8/brownie2/ISE_XPower/test1/fhm_wire_out_w1.vhd \
      EN work/fhm_wire_out_w1 1548423088
FL /home/asip02/Schreibtisch/Session8/brownie2/ISE_XPower/test1/rtg_controller.vhd 2019/01/25.13:50:58 O.61xd
EN work/rtg_controller 1548423102 \
      FL /home/asip02/Schreibtisch/Session8/brownie2/ISE_XPower/test1/rtg_controller.vhd \
      PB ieee/std_logic_1164 1308643377
AR work/rtg_controller/RTL 1548423103 \
      FL /home/asip02/Schreibtisch/Session8/brownie2/ISE_XPower/test1/rtg_controller.vhd \
      EN work/rtg_controller 1548423102 CP rtg_proc_fsm CP rtg_register_w1 \
      CP rtg_register_w2 CP rtg_register_w32 CP rtg_register_w64 \
      CP rtg_register_w14
FL /home/asip02/Schreibtisch/Session8/brownie2/ISE_XPower/test1/rtg_mux12to1_w32.vhd 2019/01/25.13:50:58 O.61xd
EN work/rtg_mux12to1_w32 1548423110 \
      FL /home/asip02/Schreibtisch/Session8/brownie2/ISE_XPower/test1/rtg_mux12to1_w32.vhd \
      PB ieee/std_logic_1164 1308643377
AR work/rtg_mux12to1_w32/RTL 1548423111 \
      FL /home/asip02/Schreibtisch/Session8/brownie2/ISE_XPower/test1/rtg_mux12to1_w32.vhd \
      EN work/rtg_mux12to1_w32 1548423110
FL /home/asip02/Schreibtisch/Session8/brownie2/ISE_XPower/test1/rtg_mux2to1_w32.vhd 2019/01/25.13:50:58 O.61xd
EN work/rtg_mux2to1_w32 1548423104 \
      FL /home/asip02/Schreibtisch/Session8/brownie2/ISE_XPower/test1/rtg_mux2to1_w32.vhd \
      PB ieee/std_logic_1164 1308643377
AR work/rtg_mux2to1_w32/RTL 1548423105 \
      FL /home/asip02/Schreibtisch/Session8/brownie2/ISE_XPower/test1/rtg_mux2to1_w32.vhd \
      EN work/rtg_mux2to1_w32 1548423104
FL /home/asip02/Schreibtisch/Session8/brownie2/ISE_XPower/test1/rtg_mux2to1_w5.vhd 2019/01/25.13:50:58 O.61xd
EN work/rtg_mux2to1_w5 1548423108 \
      FL /home/asip02/Schreibtisch/Session8/brownie2/ISE_XPower/test1/rtg_mux2to1_w5.vhd \
      PB ieee/std_logic_1164 1308643377
AR work/rtg_mux2to1_w5/RTL 1548423109 \
      FL /home/asip02/Schreibtisch/Session8/brownie2/ISE_XPower/test1/rtg_mux2to1_w5.vhd \
      EN work/rtg_mux2to1_w5 1548423108
FL /home/asip02/Schreibtisch/Session8/brownie2/ISE_XPower/test1/rtg_mux3to1_w32.vhd 2019/01/25.13:50:58 O.61xd
EN work/rtg_mux3to1_w32 1548423106 \
      FL /home/asip02/Schreibtisch/Session8/brownie2/ISE_XPower/test1/rtg_mux3to1_w32.vhd \
      PB ieee/std_logic_1164 1308643377
AR work/rtg_mux3to1_w32/RTL 1548423107 \
      FL /home/asip02/Schreibtisch/Session8/brownie2/ISE_XPower/test1/rtg_mux3to1_w32.vhd \
      EN work/rtg_mux3to1_w32 1548423106
FL /home/asip02/Schreibtisch/Session8/brownie2/ISE_XPower/test1/rtg_mux3to1_w5.vhd 2019/01/25.13:50:58 O.61xd
EN work/rtg_mux3to1_w5 1548423114 \
      FL /home/asip02/Schreibtisch/Session8/brownie2/ISE_XPower/test1/rtg_mux3to1_w5.vhd \
      PB ieee/std_logic_1164 1308643377
AR work/rtg_mux3to1_w5/RTL 1548423115 \
      FL /home/asip02/Schreibtisch/Session8/brownie2/ISE_XPower/test1/rtg_mux3to1_w5.vhd \
      EN work/rtg_mux3to1_w5 1548423114
FL /home/asip02/Schreibtisch/Session8/brownie2/ISE_XPower/test1/rtg_mux5to1_w5.vhd 2019/01/25.13:50:58 O.61xd
EN work/rtg_mux5to1_w5 1548423112 \
      FL /home/asip02/Schreibtisch/Session8/brownie2/ISE_XPower/test1/rtg_mux5to1_w5.vhd \
      PB ieee/std_logic_1164 1308643377
AR work/rtg_mux5to1_w5/RTL 1548423113 \
      FL /home/asip02/Schreibtisch/Session8/brownie2/ISE_XPower/test1/rtg_mux5to1_w5.vhd \
      EN work/rtg_mux5to1_w5 1548423112
FL /home/asip02/Schreibtisch/Session8/brownie2/ISE_XPower/test1/rtg_proc_fsm.vhd 2019/01/25.13:50:58 O.61xd
EN work/rtg_proc_fsm 1548423018 \
      FL /home/asip02/Schreibtisch/Session8/brownie2/ISE_XPower/test1/rtg_proc_fsm.vhd \
      PB ieee/std_logic_1164 1308643377
AR work/rtg_proc_fsm/RTL 1548423019 \
      FL /home/asip02/Schreibtisch/Session8/brownie2/ISE_XPower/test1/rtg_proc_fsm.vhd \
      EN work/rtg_proc_fsm 1548423018
FL /home/asip02/Schreibtisch/Session8/brownie2/ISE_XPower/test1/rtg_register_w1.vhd 2019/01/25.13:50:58 O.61xd
EN work/rtg_register_w1 1548423020 \
      FL /home/asip02/Schreibtisch/Session8/brownie2/ISE_XPower/test1/rtg_register_w1.vhd \
      PB ieee/std_logic_1164 1308643377
AR work/rtg_register_w1/RTL 1548423021 \
      FL /home/asip02/Schreibtisch/Session8/brownie2/ISE_XPower/test1/rtg_register_w1.vhd \
      EN work/rtg_register_w1 1548423020
FL /home/asip02/Schreibtisch/Session8/brownie2/ISE_XPower/test1/rtg_register_w14.vhd 2019/01/25.13:50:58 O.61xd
EN work/rtg_register_w14 1548423028 \
      FL /home/asip02/Schreibtisch/Session8/brownie2/ISE_XPower/test1/rtg_register_w14.vhd \
      PB ieee/std_logic_1164 1308643377
AR work/rtg_register_w14/RTL 1548423029 \
      FL /home/asip02/Schreibtisch/Session8/brownie2/ISE_XPower/test1/rtg_register_w14.vhd \
      EN work/rtg_register_w14 1548423028
FL /home/asip02/Schreibtisch/Session8/brownie2/ISE_XPower/test1/rtg_register_w2.vhd 2019/01/25.13:50:58 O.61xd
EN work/rtg_register_w2 1548423022 \
      FL /home/asip02/Schreibtisch/Session8/brownie2/ISE_XPower/test1/rtg_register_w2.vhd \
      PB ieee/std_logic_1164 1308643377
AR work/rtg_register_w2/RTL 1548423023 \
      FL /home/asip02/Schreibtisch/Session8/brownie2/ISE_XPower/test1/rtg_register_w2.vhd \
      EN work/rtg_register_w2 1548423022
FL /home/asip02/Schreibtisch/Session8/brownie2/ISE_XPower/test1/rtg_register_w32.vhd 2019/01/25.13:50:58 O.61xd
EN work/rtg_register_w32 1548423024 \
      FL /home/asip02/Schreibtisch/Session8/brownie2/ISE_XPower/test1/rtg_register_w32.vhd \
      PB ieee/std_logic_1164 1308643377
AR work/rtg_register_w32/RTL 1548423025 \
      FL /home/asip02/Schreibtisch/Session8/brownie2/ISE_XPower/test1/rtg_register_w32.vhd \
      EN work/rtg_register_w32 1548423024
FL /home/asip02/Schreibtisch/Session8/brownie2/ISE_XPower/test1/rtg_register_w5.vhd 2019/01/25.13:50:58 O.61xd
EN work/rtg_register_w5 1548423116 \
      FL /home/asip02/Schreibtisch/Session8/brownie2/ISE_XPower/test1/rtg_register_w5.vhd \
      PB ieee/std_logic_1164 1308643377
AR work/rtg_register_w5/RTL 1548423117 \
      FL /home/asip02/Schreibtisch/Session8/brownie2/ISE_XPower/test1/rtg_register_w5.vhd \
      EN work/rtg_register_w5 1548423116
FL /home/asip02/Schreibtisch/Session8/brownie2/ISE_XPower/test1/rtg_register_w64.vhd 2019/01/25.13:50:58 O.61xd
EN work/rtg_register_w64 1548423026 \
      FL /home/asip02/Schreibtisch/Session8/brownie2/ISE_XPower/test1/rtg_register_w64.vhd \
      PB ieee/std_logic_1164 1308643377
AR work/rtg_register_w64/RTL 1548423027 \
      FL /home/asip02/Schreibtisch/Session8/brownie2/ISE_XPower/test1/rtg_register_w64.vhd \
      EN work/rtg_register_w64 1548423026
