AR bram_dm bram_dm_a /home/asip02/Schreibtisch/Session8/brownie2/ISE_Framework_S8_AO_v2/bram_dm.vhd sub00/vhpl98 1549289571
EN fhm_fwu_w32 NULL /home/asip02/Schreibtisch/Session8/brownie2/ISE_Framework_S8_AO_v2/fhm_fwu_w32.vhd sub00/vhpl65 1549289538
EN fhm_dummy_register_w32 NULL /home/asip02/Schreibtisch/Session8/brownie2/ISE_Framework_S8_AO_v2/fhm_dummy_register_w32.vhd sub00/vhpl67 1549289540
EN fhm_divider_w32_reg32 NULL /home/asip02/Schreibtisch/Session8/brownie2/ISE_Framework_S8_AO_v2/fhm_divider_w32.vhd sub00/vhpl45 1549289518
EN fhm_mifu_w32_00 NULL /home/asip02/Schreibtisch/Session8/brownie2/ISE_Framework_S8_AO_v2/fhm_mifu_w32_00.vhd sub00/vhpl35 1549289508
EN fhm_mifu_w32_01 NULL /home/asip02/Schreibtisch/Session8/brownie2/ISE_Framework_S8_AO_v2/fhm_mifu_w32_01.vhd sub00/vhpl37 1549289510
EN fhm_browregfile_w32 NULL /home/asip02/Schreibtisch/Session8/brownie2/ISE_Framework_S8_AO_v2/fhm_browregfile_w32.vhd sub00/vhpl75 1549289548
AR multiclock_latch multiclock_latch_arch /home/asip02/Schreibtisch/Session8/brownie2/ISE_Framework_S8_AO_v2/i2c_multiclock_latch.vhd sub00/vhpl20 1549289493
AR i2c_toplevel i2c_toplevel_arch /home/asip02/Schreibtisch/Session8/brownie2/ISE_Framework_S8_AO_v2/i2c_toplevel.vhd sub01/vhpl104 1549289577
EN rtg_register_w14 NULL /home/asip02/Schreibtisch/Session8/brownie2/ISE_Framework_S8_AO_v2/rtg_register_w14.vhd sub00/vhpl10 1549289483
AR fhm_divider_w32_reg32 synthesis /home/asip02/Schreibtisch/Session8/brownie2/ISE_Framework_S8_AO_v2/fhm_divider_w32.vhd sub00/vhpl46 1549289519
EN rtg_mux3to1_w5 NULL /home/asip02/Schreibtisch/Session8/brownie2/ISE_Framework_S8_AO_v2/rtg_mux3to1_w5.vhd sub00/vhpl87 1549289560
EN rtg_register_w32 NULL /home/asip02/Schreibtisch/Session8/brownie2/ISE_Framework_S8_AO_v2/rtg_register_w32.vhd sub00/vhpl06 1549289479
AR fhm_extender_w26 synthesis /home/asip02/Schreibtisch/Session8/brownie2/ISE_Framework_S8_AO_v2/fhm_extender_w26.vhd sub00/vhpl60 1549289533
EN fhm_alu_w32 NULL /home/asip02/Schreibtisch/Session8/brownie2/ISE_Framework_S8_AO_v2/fhm_alu_w32.vhd sub00/vhpl41 1549289514
EN i2c_toplevel NULL /home/asip02/Schreibtisch/Session8/brownie2/ISE_Framework_S8_AO_v2/i2c_toplevel.vhd sub01/vhpl103 1549289576
EN fhm_alu_w32_add NULL /home/asip02/Schreibtisch/Session8/brownie2/ISE_Framework_S8_AO_v2/fhm_alu_w32.vhd sub00/vhpl39 1549289512
EN rtg_mux2to1_w5 NULL /home/asip02/Schreibtisch/Session8/brownie2/ISE_Framework_S8_AO_v2/rtg_mux2to1_w5.vhd sub00/vhpl83 1549289556
AR clk_div behavioral /home/asip02/Schreibtisch/Session8/brownie2/ISE_Framework_S8_AO_v2/clk_div.vhd sub01/vhpl108 1549289581
EN flag_reg5 NULL /home/asip02/Schreibtisch/Session8/brownie2/ISE_Framework_S8_AO_v2/fhm_browregfile_w32.vhd sub00/vhpl69 1549289542
EN rtg_register_w54 NULL /home/asip02/Schreibtisch/Session8/brownie2/ISE_Framework_S8_AO_v2/rtg_register_w54.vhd sub00/vhpl08 1549289481
AR pca9564_interface pca9564_interface_arch /home/asip02/Schreibtisch/Session8/brownie2/ISE_Framework_S8_AO_v2/pca9564_interface_state.vhd sub00/vhpl24 1549289497
AR rtg_proc_fsm rtl /home/asip02/Schreibtisch/Session8/brownie2/ISE_Framework_S8_AO_v2/rtg_proc_fsm.vhd sub00/vhpl01 1549289474
PH audioout_types NULL /home/asip02/Schreibtisch/Session8/brownie2/ISE_Framework_S8_AO_v2/AudioOut_Types.vhd sub00/vhpl12 1549289485
AR kcuart_tx low_level_definition /home/asip02/Schreibtisch/Session8/brownie2/ISE_Framework_S8_AO_v2/kcuart_tx.vhd sub01/vhpl110 1549289583
AR fhm_pcu_w32_add32 synthesis /home/asip02/Schreibtisch/Session8/brownie2/ISE_Framework_S8_AO_v2/fhm_pcu_w32.vhd sub00/vhpl28 1549289501
AR fhm_divider_w32 synthesis /home/asip02/Schreibtisch/Session8/brownie2/ISE_Framework_S8_AO_v2/fhm_divider_w32.vhd sub00/vhpl56 1549289529
AR fhm_divider_w32_lsftreg32 synthesis /home/asip02/Schreibtisch/Session8/brownie2/ISE_Framework_S8_AO_v2/fhm_divider_w32.vhd sub00/vhpl50 1549289523
AR dlx_toplevel behavioral /home/asip02/Schreibtisch/Session8/brownie2/ISE_Framework_S8_AO_v2/dlx_toplevel.vhd sub01/vhpl116 1549289589
AR rtg_mux2to1_w5 rtl /home/asip02/Schreibtisch/Session8/brownie2/ISE_Framework_S8_AO_v2/rtg_mux2to1_w5.vhd sub00/vhpl84 1549289557
AR rtg_mux7to1_w32 rtl /home/asip02/Schreibtisch/Session8/brownie2/ISE_Framework_S8_AO_v2/rtg_mux7to1_w32.vhd sub00/vhpl86 1549289559
EN fhm_divider_w32_sdiv32 NULL /home/asip02/Schreibtisch/Session8/brownie2/ISE_Framework_S8_AO_v2/fhm_divider_w32.vhd sub00/vhpl51 1549289524
AR fhm_browregfile_w32 synthesis /home/asip02/Schreibtisch/Session8/brownie2/ISE_Framework_S8_AO_v2/fhm_browregfile_w32.vhd sub00/vhpl76 1549289549
EN multiclock_latch NULL /home/asip02/Schreibtisch/Session8/brownie2/ISE_Framework_S8_AO_v2/i2c_multiclock_latch.vhd sub00/vhpl19 1549289492
AR fhm_alu_w32_add synthesis /home/asip02/Schreibtisch/Session8/brownie2/ISE_Framework_S8_AO_v2/fhm_alu_w32.vhd sub00/vhpl40 1549289513
AR fhm_wire_out_w1 synthesis /home/asip02/Schreibtisch/Session8/brownie2/ISE_Framework_S8_AO_v2/fhm_wire_out_w1.vhd sub00/vhpl64 1549289537
AR audio_out_fifo audio_out_fifo_a /home/asip02/Schreibtisch/Session8/brownie2/ISE_Framework_S8_AO_v2/audio_out_fifo.vhd sub00/vhpl16 1549289489
EN fhm_pcu_w32_add32 NULL /home/asip02/Schreibtisch/Session8/brownie2/ISE_Framework_S8_AO_v2/fhm_pcu_w32.vhd sub00/vhpl27 1549289500
AR audioout_toplevel structure /home/asip02/Schreibtisch/Session8/brownie2/ISE_Framework_S8_AO_v2/AudioOut_TopLevel.vhd sub01/vhpl106 1549289579
AR rtg_mux3to1_w5 rtl /home/asip02/Schreibtisch/Session8/brownie2/ISE_Framework_S8_AO_v2/rtg_mux3to1_w5.vhd sub00/vhpl88 1549289561
AR fhm_divider_w32_tconv32 synthesis /home/asip02/Schreibtisch/Session8/brownie2/ISE_Framework_S8_AO_v2/fhm_divider_w32.vhd sub00/vhpl54 1549289527
EN dlx_toplevel NULL /home/asip02/Schreibtisch/Session8/brownie2/ISE_Framework_S8_AO_v2/dlx_toplevel.vhd sub01/vhpl115 1549289588
AR rtg_register_w54 rtl /home/asip02/Schreibtisch/Session8/brownie2/ISE_Framework_S8_AO_v2/rtg_register_w54.vhd sub00/vhpl09 1549289482
AR fhm_pcu_w32_reg32 synthesis /home/asip02/Schreibtisch/Session8/brownie2/ISE_Framework_S8_AO_v2/fhm_pcu_w32.vhd sub00/vhpl30 1549289503
EN fifo_generator_v2_1 NULL /home/asip02/Schreibtisch/Session8/brownie2/ISE_Framework_S8_AO_v2/fifo_generator_v2_1.vhd sub00/vhpl17 1549289490
AR rtg_mux3to1_w32 rtl /home/asip02/Schreibtisch/Session8/brownie2/ISE_Framework_S8_AO_v2/rtg_mux3to1_w32.vhd sub00/vhpl82 1549289555
EN fhm_pcu_w32_reg32 NULL /home/asip02/Schreibtisch/Session8/brownie2/ISE_Framework_S8_AO_v2/fhm_pcu_w32.vhd sub00/vhpl29 1549289502
EN brom_im NULL /home/asip02/Schreibtisch/Session8/brownie2/ISE_Framework_S8_AO_v2/brom_im.vhd sub00/vhpl95 1549289568
AR fhm_fwu_w32 synthesis /home/asip02/Schreibtisch/Session8/brownie2/ISE_Framework_S8_AO_v2/fhm_fwu_w32.vhd sub00/vhpl66 1549289539
AR flag_reg5 synthesis /home/asip02/Schreibtisch/Session8/brownie2/ISE_Framework_S8_AO_v2/fhm_browregfile_w32.vhd sub00/vhpl70 1549289543
PB dlxtypes dlxtypes /home/asip02/Schreibtisch/Session8/brownie2/ISE_Framework_S8_AO_v2/dlxTypes.vhd sub00/vhpl92 1549289565
AR fhm_divider_w32_add32 synthesis /home/asip02/Schreibtisch/Session8/brownie2/ISE_Framework_S8_AO_v2/fhm_divider_w32.vhd sub00/vhpl44 1549289517
PB memorymappertypes memorymappertypes /home/asip02/Schreibtisch/Session8/brownie2/ISE_Framework_S8_AO_v2/MemoryMapperTypes.vhd sub00/vhpl26 1549289499
EN interface_asipmeister_i2c NULL /home/asip02/Schreibtisch/Session8/brownie2/ISE_Framework_S8_AO_v2/interface_asipmeister_i2c.vhd sub01/vhpl101 1549289574
AR fhm_alu_w32 synthesis /home/asip02/Schreibtisch/Session8/brownie2/ISE_Framework_S8_AO_v2/fhm_alu_w32.vhd sub00/vhpl42 1549289515
EN fhm_divider_w32_reg1 NULL /home/asip02/Schreibtisch/Session8/brownie2/ISE_Framework_S8_AO_v2/fhm_divider_w32.vhd sub00/vhpl47 1549289520
AR fhm_shifter_w32 synthesis /home/asip02/Schreibtisch/Session8/brownie2/ISE_Framework_S8_AO_v2/fhm_shifter_w32.vhd sub00/vhpl62 1549289535
EN rtg_proc_fsm NULL /home/asip02/Schreibtisch/Session8/brownie2/ISE_Framework_S8_AO_v2/rtg_proc_fsm.vhd sub00/vhpl00 1549289473
EN memorymapper NULL /home/asip02/Schreibtisch/Session8/brownie2/ISE_Framework_S8_AO_v2/MemoryMapper.vhd sub00/vhpl99 1549289572
AR rtg_register_w32 rtl /home/asip02/Schreibtisch/Session8/brownie2/ISE_Framework_S8_AO_v2/rtg_register_w32.vhd sub00/vhpl07 1549289480
EN kcuart_rx NULL /home/asip02/Schreibtisch/Session8/brownie2/ISE_Framework_S8_AO_v2/kcuart_rx.vhd sub01/vhpl111 1549289584
EN rtg_mux3to1_w32 NULL /home/asip02/Schreibtisch/Session8/brownie2/ISE_Framework_S8_AO_v2/rtg_mux3to1_w32.vhd sub00/vhpl81 1549289554
EN pca9564_interface NULL /home/asip02/Schreibtisch/Session8/brownie2/ISE_Framework_S8_AO_v2/pca9564_interface_state.vhd sub00/vhpl23 1549289496
PH dlxtypes NULL /home/asip02/Schreibtisch/Session8/brownie2/ISE_Framework_S8_AO_v2/dlxTypes.vhd sub00/vhpl91 1549289564
AR fhm_register_w32 logic /home/asip02/Schreibtisch/Session8/brownie2/ISE_Framework_S8_AO_v2/fhm_register_w32.vhd sub00/vhpl34 1549289507
AR rtg_controller rtl /home/asip02/Schreibtisch/Session8/brownie2/ISE_Framework_S8_AO_v2/rtg_controller.vhd sub00/vhpl78 1549289551
EN kcuart_tx NULL /home/asip02/Schreibtisch/Session8/brownie2/ISE_Framework_S8_AO_v2/kcuart_tx.vhd sub01/vhpl109 1549289582
AR debouncer behavioral /home/asip02/Schreibtisch/Session8/brownie2/ISE_Framework_S8_AO_v2/Debouncer.vhd sub01/vhpl114 1549289587
EN browniestd32 NULL /home/asip02/Schreibtisch/Session8/brownie2/ISE_Framework_S8_AO_v2/BrownieSTD32.vhd sub00/vhpl93 1549289566
AR digitalanalogconverter behavioral /home/asip02/Schreibtisch/Session8/brownie2/ISE_Framework_S8_AO_v2/DigitalAnalogConverter.vhd sub00/vhpl14 1549289487
AR rtg_register_w14 rtl /home/asip02/Schreibtisch/Session8/brownie2/ISE_Framework_S8_AO_v2/rtg_register_w14.vhd sub00/vhpl11 1549289484
EN fhm_wire_out_w1 NULL /home/asip02/Schreibtisch/Session8/brownie2/ISE_Framework_S8_AO_v2/fhm_wire_out_w1.vhd sub00/vhpl63 1549289536
AR fhm_extender_w16 synthesis /home/asip02/Schreibtisch/Session8/brownie2/ISE_Framework_S8_AO_v2/fhm_extender_w16.vhd sub00/vhpl58 1549289531
EN rtg_register_w1 NULL /home/asip02/Schreibtisch/Session8/brownie2/ISE_Framework_S8_AO_v2/rtg_register_w1.vhd sub00/vhpl02 1549289475
EN fhm_register_w32 NULL /home/asip02/Schreibtisch/Session8/brownie2/ISE_Framework_S8_AO_v2/fhm_register_w32.vhd sub00/vhpl33 1549289506
EN rtg_register_w2 NULL /home/asip02/Schreibtisch/Session8/brownie2/ISE_Framework_S8_AO_v2/rtg_register_w2.vhd sub00/vhpl04 1549289477
AR rtg_register_w5 rtl /home/asip02/Schreibtisch/Session8/brownie2/ISE_Framework_S8_AO_v2/rtg_register_w5.vhd sub00/vhpl90 1549289563
AR interface_asipmeister_i2c interface_asipmeister_i2c_arch /home/asip02/Schreibtisch/Session8/brownie2/ISE_Framework_S8_AO_v2/interface_asipmeister_i2c.vhd sub01/vhpl102 1549289575
AR browniestd32 rtl /home/asip02/Schreibtisch/Session8/brownie2/ISE_Framework_S8_AO_v2/BrownieSTD32.vhd sub00/vhpl94 1549289567
EN rtg_register_w5 NULL /home/asip02/Schreibtisch/Session8/brownie2/ISE_Framework_S8_AO_v2/rtg_register_w5.vhd sub00/vhpl89 1549289562
EN fhm_browregfile_w32_reg32 NULL /home/asip02/Schreibtisch/Session8/brownie2/ISE_Framework_S8_AO_v2/fhm_browregfile_w32.vhd sub00/vhpl73 1549289546
EN rtg_mux7to1_w32 NULL /home/asip02/Schreibtisch/Session8/brownie2/ISE_Framework_S8_AO_v2/rtg_mux7to1_w32.vhd sub00/vhpl85 1549289558
AR fhm_mifu_w32_00 synthesis /home/asip02/Schreibtisch/Session8/brownie2/ISE_Framework_S8_AO_v2/fhm_mifu_w32_00.vhd sub00/vhpl36 1549289509
AR rtg_register_w1 rtl /home/asip02/Schreibtisch/Session8/brownie2/ISE_Framework_S8_AO_v2/rtg_register_w1.vhd sub00/vhpl03 1549289476
EN rtg_mux2to1_w32 NULL /home/asip02/Schreibtisch/Session8/brownie2/ISE_Framework_S8_AO_v2/rtg_mux2to1_w32.vhd sub00/vhpl79 1549289552
PH memorymappertypes NULL /home/asip02/Schreibtisch/Session8/brownie2/ISE_Framework_S8_AO_v2/MemoryMapperTypes.vhd sub00/vhpl25 1549289498
MO DCM_100 NULL DCM_100.v vlg0C/_d_c_m__100.bin 1549289497
AR fhm_browregfile_w32_reg32 synthesis /home/asip02/Schreibtisch/Session8/brownie2/ISE_Framework_S8_AO_v2/fhm_browregfile_w32.vhd sub00/vhpl74 1549289547
EN fhm_pcu_w32 NULL /home/asip02/Schreibtisch/Session8/brownie2/ISE_Framework_S8_AO_v2/fhm_pcu_w32.vhd sub00/vhpl31 1549289504
MO DCM_33 NULL DCM_33.v vlg39/_d_c_m__33.bin 1549289497
AR fhm_pcu_w32 synthesis /home/asip02/Schreibtisch/Session8/brownie2/ISE_Framework_S8_AO_v2/fhm_pcu_w32.vhd sub00/vhpl32 1549289505
EN fhm_divider_w32 NULL /home/asip02/Schreibtisch/Session8/brownie2/ISE_Framework_S8_AO_v2/fhm_divider_w32.vhd sub00/vhpl55 1549289528
EN status_reg27 NULL /home/asip02/Schreibtisch/Session8/brownie2/ISE_Framework_S8_AO_v2/fhm_browregfile_w32.vhd sub00/vhpl71 1549289544
EN audio_out_fifo NULL /home/asip02/Schreibtisch/Session8/brownie2/ISE_Framework_S8_AO_v2/audio_out_fifo.vhd sub00/vhpl15 1549289488
EN fhm_shifter_w32 NULL /home/asip02/Schreibtisch/Session8/brownie2/ISE_Framework_S8_AO_v2/fhm_shifter_w32.vhd sub00/vhpl61 1549289534
AR fifo_generator_v2_1 fifo_generator_v2_1_a /home/asip02/Schreibtisch/Session8/brownie2/ISE_Framework_S8_AO_v2/fifo_generator_v2_1.vhd sub00/vhpl18 1549289491
AR fhm_mifu_w32_01 synthesis /home/asip02/Schreibtisch/Session8/brownie2/ISE_Framework_S8_AO_v2/fhm_mifu_w32_01.vhd sub00/vhpl38 1549289511
EN debouncer NULL /home/asip02/Schreibtisch/Session8/brownie2/ISE_Framework_S8_AO_v2/Debouncer.vhd sub01/vhpl113 1549289586
AR fhm_divider_w32_sdiv32 synthesis /home/asip02/Schreibtisch/Session8/brownie2/ISE_Framework_S8_AO_v2/fhm_divider_w32.vhd sub00/vhpl52 1549289525
AR memorymapper behavioral /home/asip02/Schreibtisch/Session8/brownie2/ISE_Framework_S8_AO_v2/MemoryMapper.vhd sub01/vhpl100 1549289573
EN fhm_extender_w16 NULL /home/asip02/Schreibtisch/Session8/brownie2/ISE_Framework_S8_AO_v2/fhm_extender_w16.vhd sub00/vhpl57 1549289530
EN audioout_toplevel NULL /home/asip02/Schreibtisch/Session8/brownie2/ISE_Framework_S8_AO_v2/AudioOut_TopLevel.vhd sub01/vhpl105 1549289578
EN fhm_extender_w26 NULL /home/asip02/Schreibtisch/Session8/brownie2/ISE_Framework_S8_AO_v2/fhm_extender_w26.vhd sub00/vhpl59 1549289532
AR brom_im brom_im_a /home/asip02/Schreibtisch/Session8/brownie2/ISE_Framework_S8_AO_v2/brom_im.vhd sub00/vhpl96 1549289569
EN rtg_controller NULL /home/asip02/Schreibtisch/Session8/brownie2/ISE_Framework_S8_AO_v2/rtg_controller.vhd sub00/vhpl77 1549289550
EN fhm_divider_w32_tconv32 NULL /home/asip02/Schreibtisch/Session8/brownie2/ISE_Framework_S8_AO_v2/fhm_divider_w32.vhd sub00/vhpl53 1549289526
EN i2c_arbiter NULL /home/asip02/Schreibtisch/Session8/brownie2/ISE_Framework_S8_AO_v2/i2c_arbiter.vhd sub00/vhpl21 1549289494
AR i2c_arbiter i2c_arbiter_arch /home/asip02/Schreibtisch/Session8/brownie2/ISE_Framework_S8_AO_v2/i2c_arbiter.vhd sub00/vhpl22 1549289495
EN fhm_divider_w32_lsftreg32 NULL /home/asip02/Schreibtisch/Session8/brownie2/ISE_Framework_S8_AO_v2/fhm_divider_w32.vhd sub00/vhpl49 1549289522
AR fhm_divider_w32_reg1 synthesis /home/asip02/Schreibtisch/Session8/brownie2/ISE_Framework_S8_AO_v2/fhm_divider_w32.vhd sub00/vhpl48 1549289521
EN clk_div NULL /home/asip02/Schreibtisch/Session8/brownie2/ISE_Framework_S8_AO_v2/clk_div.vhd sub01/vhpl107 1549289580
EN fhm_divider_w32_add32 NULL /home/asip02/Schreibtisch/Session8/brownie2/ISE_Framework_S8_AO_v2/fhm_divider_w32.vhd sub00/vhpl43 1549289516
EN digitalanalogconverter NULL /home/asip02/Schreibtisch/Session8/brownie2/ISE_Framework_S8_AO_v2/DigitalAnalogConverter.vhd sub00/vhpl13 1549289486
AR rtg_mux2to1_w32 rtl /home/asip02/Schreibtisch/Session8/brownie2/ISE_Framework_S8_AO_v2/rtg_mux2to1_w32.vhd sub00/vhpl80 1549289553
AR fhm_dummy_register_w32 logic /home/asip02/Schreibtisch/Session8/brownie2/ISE_Framework_S8_AO_v2/fhm_dummy_register_w32.vhd sub00/vhpl68 1549289541
AR kcuart_rx low_level_definition /home/asip02/Schreibtisch/Session8/brownie2/ISE_Framework_S8_AO_v2/kcuart_rx.vhd sub01/vhpl112 1549289585
AR rtg_register_w2 rtl /home/asip02/Schreibtisch/Session8/brownie2/ISE_Framework_S8_AO_v2/rtg_register_w2.vhd sub00/vhpl05 1549289478
EN bram_dm NULL /home/asip02/Schreibtisch/Session8/brownie2/ISE_Framework_S8_AO_v2/bram_dm.vhd sub00/vhpl97 1549289570
AR status_reg27 synthesis /home/asip02/Schreibtisch/Session8/brownie2/ISE_Framework_S8_AO_v2/fhm_browregfile_w32.vhd sub00/vhpl72 1549289545
